17:32:45 **** Auto Build of configuration Debug for project axi_to_wb ****
make pre-build main-build 
a9-linaro-pre-build-step
 
Building file: ../src/spi_mine.c
Invoking: ARM v7 gcc compiler
arm-none-eabi-gcc -Wall -O0 -g3 -c -fmessage-length=0 -MT"src/spi_mine.o" -mcpu=cortex-a9 -mfpu=vfpv3 -mfloat-abi=hard -I../../axi_to_wb_bsp/ps7_cortexa9_0/include -MMD -MP -MF"src/spi_mine.d" -MT"src/spi_mine.o" -o "src/spi_mine.o" "../src/spi_mine.c"
../src/spi_mine.c: In function 'led_on':
../src/spi_mine.c:90:6: warning: variable 'a' set but not used [-Wunused-but-set-variable]
  u32 a;
      ^
../src/spi_mine.c: In function 'main':
../src/spi_mine.c:157:16: warning: unused variable 'D' [-Wunused-variable]
  int P=0, I=0, D=0;
                ^
../src/spi_mine.c:157:11: warning: unused variable 'I' [-Wunused-variable]
  int P=0, I=0, D=0;
           ^
../src/spi_mine.c:157:6: warning: unused variable 'P' [-Wunused-variable]
  int P=0, I=0, D=0;
      ^
../src/spi_mine.c:156:12: warning: unused variable 'prDiff' [-Wunused-variable]
  int diff, prDiff;
            ^~~~~~
../src/spi_mine.c:148:15: warning: unused variable 'prFreqPLL' [-Wunused-variable]
  u32 freqPLL, prFreqPLL;
               ^~~~~~~~~
Finished building: ../src/spi_mine.c
 
Building target: axi_to_wb.elf
Invoking: ARM v7 gcc linker
arm-none-eabi-gcc -mcpu=cortex-a9 -mfpu=vfpv3 -mfloat-abi=hard -Wl,-build-id=none -specs=Xilinx.spec -Wl,-T -Wl,../src/lscript.ld -L../../axi_to_wb_bsp/ps7_cortexa9_0/lib -o "axi_to_wb.elf"  ./src/axi_to_wb.o ./src/spi_mine.o   -Wl,--start-group,-lxil,-lgcc,-lc,--end-group
Finished building target: axi_to_wb.elf
 
Invoking: ARM v7 Print Size
arm-none-eabi-size axi_to_wb.elf  |tee "axi_to_wb.elf.size"
   text	   data	    bss	    dec	    hex	filename
  30348	   1180	2054288	2085816	 1fd3b8	axi_to_wb.elf
Finished building: axi_to_wb.elf.size
 

17:32:46 Build Finished (took 216ms)

