12:50:18 **** Incremental Build of configuration Debug for project axi_to_wb ****
make pre-build main-build 
a9-linaro-pre-build-step
 
make: Nothing to be done for 'main-build'.
12:50:20 **** Incremental Build of configuration Debug for project axi_to_wb ****
make pre-build main-build 
a9-linaro-pre-build-step
 
make: Nothing to be done for 'main-build'.
12:50:46 **** Clean-only build of configuration Debug for project axi_to_wb ****
make clean 
rm -rf  ./src/axi_to_wb.o ./src/spi_ADC.o ./src/spi_general.o ./src/spi_mine.o  ./src/axi_to_wb.d ./src/spi_ADC.d ./src/spi_general.d ./src/spi_mine.d  axi_to_wb.elf.size  axi_to_wb.elf
 
12:50:47 **** Auto Build of configuration Debug for project axi_to_wb ****
make pre-build main-build 
a9-linaro-pre-build-step
 
Building file: ../src/axi_to_wb.c
Invoking: ARM v7 gcc compiler
arm-none-eabi-gcc -Wall -O0 -g3 -I/home/milosz/Desktop/Xilinx/Vivado/projects/AXI_TO_WISHBONE_edit_slave/sf/axi_to_wb/include -c -fmessage-length=0 -MT"src/axi_to_wb.o" -mcpu=cortex-a9 -mfpu=vfpv3 -mfloat-abi=hard -I../../axi_to_wb_bsp/ps7_cortexa9_0/include -MMD -MP -MF"src/axi_to_wb.d" -MT"src/axi_to_wb.o" -o "src/axi_to_wb.o" "../src/axi_to_wb.c"
Finished building: ../src/axi_to_wb.c
 
Building file: ../src/spi_ADC.c
Invoking: ARM v7 gcc compiler
arm-none-eabi-gcc -Wall -O0 -g3 -I/home/milosz/Desktop/Xilinx/Vivado/projects/AXI_TO_WISHBONE_edit_slave/sf/axi_to_wb/include -c -fmessage-length=0 -MT"src/spi_ADC.o" -mcpu=cortex-a9 -mfpu=vfpv3 -mfloat-abi=hard -I../../axi_to_wb_bsp/ps7_cortexa9_0/include -MMD -MP -MF"src/spi_ADC.d" -MT"src/spi_ADC.o" -o "src/spi_ADC.o" "../src/spi_ADC.c"
Finished building: ../src/spi_ADC.c
 
Building file: ../src/spi_general.c
Invoking: ARM v7 gcc compiler
arm-none-eabi-gcc -Wall -O0 -g3 -I/home/milosz/Desktop/Xilinx/Vivado/projects/AXI_TO_WISHBONE_edit_slave/sf/axi_to_wb/include -c -fmessage-length=0 -MT"src/spi_general.o" -mcpu=cortex-a9 -mfpu=vfpv3 -mfloat-abi=hard -I../../axi_to_wb_bsp/ps7_cortexa9_0/include -MMD -MP -MF"src/spi_general.d" -MT"src/spi_general.o" -o "src/spi_general.o" "../src/spi_general.c"
../src/spi_general.c: In function 'spi_send_data':
../src/spi_general.c:256:5: warning: unused variable 'data_read' [-Wunused-variable]
  u8 data_read[3];
     ^~~~~~~~~
../src/spi_general.c:255:5: warning: unused variable 'data_pointer' [-Wunused-variable]
  u8 data_pointer[1] = {data};
     ^~~~~~~~~~~~
../src/spi_general.c: In function 'spi_read_data':
../src/spi_general.c:265:5: warning: unused variable 'data_pointer' [-Wunused-variable]
  u8 data_pointer[1] = {data};
     ^~~~~~~~~~~~
Finished building: ../src/spi_general.c
 
Building file: ../src/spi_mine.c
Invoking: ARM v7 gcc compiler
arm-none-eabi-gcc -Wall -O0 -g3 -I/home/milosz/Desktop/Xilinx/Vivado/projects/AXI_TO_WISHBONE_edit_slave/sf/axi_to_wb/include -c -fmessage-length=0 -MT"src/spi_mine.o" -mcpu=cortex-a9 -mfpu=vfpv3 -mfloat-abi=hard -I../../axi_to_wb_bsp/ps7_cortexa9_0/include -MMD -MP -MF"src/spi_mine.d" -MT"src/spi_mine.o" -o "src/spi_mine.o" "../src/spi_mine.c"
../src/spi_mine.c: In function 'led_on':
../src/spi_mine.c:40:6: warning: variable 'a' set but not used [-Wunused-but-set-variable]
  u32 a;
      ^
../src/spi_mine.c: In function 'manualFreqControl':
../src/spi_mine.c:101:5: warning: implicit declaration of function 'getchar' [-Wimplicit-function-declaration]
   c=getchar();
     ^~~~~~~
Finished building: ../src/spi_mine.c
 
Building target: axi_to_wb.elf
Invoking: ARM v7 gcc linker
arm-none-eabi-gcc -mcpu=cortex-a9 -mfpu=vfpv3 -mfloat-abi=hard -Wl,-build-id=none -specs=Xilinx.spec -Wl,-T -Wl,../src/lscript.ld -L../../axi_to_wb_bsp/ps7_cortexa9_0/lib -o "axi_to_wb.elf"  ./src/axi_to_wb.o ./src/spi_ADC.o ./src/spi_general.o ./src/spi_mine.o   -Wl,--start-group,-lxil,-lgcc,-lc,--end-group
Finished building target: axi_to_wb.elf
 
Invoking: ARM v7 Print Size
arm-none-eabi-size axi_to_wb.elf  |tee "axi_to_wb.elf.size"
   text	   data	    bss	    dec	    hex	filename
  36988	   2236	2030288	2069512	 1f9408	axi_to_wb.elf
Finished building: axi_to_wb.elf.size
 
12:50:48 **** Incremental Build of configuration Debug for project axi_to_wb ****
make pre-build main-build 
a9-linaro-pre-build-step
 
make: Nothing to be done for 'main-build'.
12:51:01 **** Incremental Build of configuration Debug for project axi_to_wb ****
make pre-build main-build 
a9-linaro-pre-build-step
 
make: Nothing to be done for 'main-build'.
12:51:58 **** Incremental Build of configuration Debug for project axi_to_wb ****
make pre-build main-build 
a9-linaro-pre-build-step
 
make: Nothing to be done for 'main-build'.
12:52:34 **** Auto Build of configuration Debug for project axi_to_wb ****
make pre-build main-build 
a9-linaro-pre-build-step
 
Building file: ../src/spi_mine.c
Invoking: ARM v7 gcc compiler
arm-none-eabi-gcc -Wall -O0 -g3 -I/home/milosz/Desktop/Xilinx/Vivado/projects/AXI_TO_WISHBONE_edit_slave/sf/axi_to_wb/include -c -fmessage-length=0 -MT"src/spi_mine.o" -mcpu=cortex-a9 -mfpu=vfpv3 -mfloat-abi=hard -I../../axi_to_wb_bsp/ps7_cortexa9_0/include -MMD -MP -MF"src/spi_mine.d" -MT"src/spi_mine.o" -o "src/spi_mine.o" "../src/spi_mine.c"
../src/spi_mine.c: In function 'led_on':
../src/spi_mine.c:40:6: warning: variable 'a' set but not used [-Wunused-but-set-variable]
  u32 a;
      ^
../src/spi_mine.c: In function 'manualFreqControl':
../src/spi_mine.c:101:5: warning: implicit declaration of function 'getchar' [-Wimplicit-function-declaration]
   c=getchar();
     ^~~~~~~
Finished building: ../src/spi_mine.c
 
Building target: axi_to_wb.elf
Invoking: ARM v7 gcc linker
arm-none-eabi-gcc -mcpu=cortex-a9 -mfpu=vfpv3 -mfloat-abi=hard -Wl,-build-id=none -specs=Xilinx.spec -Wl,-T -Wl,../src/lscript.ld -L../../axi_to_wb_bsp/ps7_cortexa9_0/lib -o "axi_to_wb.elf"  ./src/axi_to_wb.o ./src/spi_ADC.o ./src/spi_general.o ./src/spi_mine.o   -Wl,--start-group,-lxil,-lgcc,-lc,--end-group
Finished building target: axi_to_wb.elf
 
Invoking: ARM v7 Print Size
arm-none-eabi-size axi_to_wb.elf  |tee "axi_to_wb.elf.size"
   text	   data	    bss	    dec	    hex	filename
  36988	   2236	2030288	2069512	 1f9408	axi_to_wb.elf
Finished building: axi_to_wb.elf.size
 
12:52:35 **** Incremental Build of configuration Debug for project axi_to_wb ****
make pre-build main-build 
a9-linaro-pre-build-step
 
make: Nothing to be done for 'main-build'.
12:53:06 **** Incremental Build of configuration Debug for project axi_to_wb ****
make pre-build main-build 
a9-linaro-pre-build-step
 
make: Nothing to be done for 'main-build'.
12:55:35 **** Auto Build of configuration Debug for project axi_to_wb ****
make pre-build main-build 
a9-linaro-pre-build-step
 
Building file: ../src/spi_mine.c
Invoking: ARM v7 gcc compiler
arm-none-eabi-gcc -Wall -O0 -g3 -I/home/milosz/Desktop/Xilinx/Vivado/projects/AXI_TO_WISHBONE_edit_slave/sf/axi_to_wb/include -c -fmessage-length=0 -MT"src/spi_mine.o" -mcpu=cortex-a9 -mfpu=vfpv3 -mfloat-abi=hard -I../../axi_to_wb_bsp/ps7_cortexa9_0/include -MMD -MP -MF"src/spi_mine.d" -MT"src/spi_mine.o" -o "src/spi_mine.o" "../src/spi_mine.c"
../src/spi_mine.c: In function 'led_on':
../src/spi_mine.c:40:6: warning: variable 'a' set but not used [-Wunused-but-set-variable]
  u32 a;
      ^
../src/spi_mine.c: In function 'manualFreqControl':
../src/spi_mine.c:101:5: warning: implicit declaration of function 'getchar' [-Wimplicit-function-declaration]
   c=getchar();
     ^~~~~~~
../src/spi_mine.c: In function 'main':
../src/spi_mine.c:295:2: warning: implicit declaration of function 'configure_AD9510_ternal_signal' [-Wimplicit-function-declaration]
  configure_AD9510_ternal_signal();
  ^~~~~~~~~~~~~~~~~~~~~~~~~~~~~~
Finished building: ../src/spi_mine.c
 
Building target: axi_to_wb.elf
Invoking: ARM v7 gcc linker
arm-none-eabi-gcc -mcpu=cortex-a9 -mfpu=vfpv3 -mfloat-abi=hard -Wl,-build-id=none -specs=Xilinx.spec -Wl,-T -Wl,../src/lscript.ld -L../../axi_to_wb_bsp/ps7_cortexa9_0/lib -o "axi_to_wb.elf"  ./src/axi_to_wb.o ./src/spi_ADC.o ./src/spi_general.o ./src/spi_mine.o   -Wl,--start-group,-lxil,-lgcc,-lc,--end-group
./src/spi_mine.o: In function `main':
/home/milosz/Desktop/Xilinx/Vivado/projects/AXI_TO_WISHBONE_edit_slave/sf/axi_to_wb/Debug/../src/spi_mine.c:295: undefined reference to `configure_AD9510_ternal_signal'
collect2: error: ld returned 1 exit status
makefile:39: recipe for target 'axi_to_wb.elf' failed
make: *** [axi_to_wb.elf] Error 1
12:55:37 **** Incremental Build of configuration Debug for project axi_to_wb ****
make pre-build main-build 
a9-linaro-pre-build-step
 
Building file: ../src/spi_mine.c
Invoking: ARM v7 gcc compiler
arm-none-eabi-gcc -Wall -O0 -g3 -I/home/milosz/Desktop/Xilinx/Vivado/projects/AXI_TO_WISHBONE_edit_slave/sf/axi_to_wb/include -c -fmessage-length=0 -MT"src/spi_mine.o" -mcpu=cortex-a9 -mfpu=vfpv3 -mfloat-abi=hard -I../../axi_to_wb_bsp/ps7_cortexa9_0/include -MMD -MP -MF"src/spi_mine.d" -MT"src/spi_mine.o" -o "src/spi_mine.o" "../src/spi_mine.c"
../src/spi_mine.c: In function 'led_on':
../src/spi_mine.c:40:6: warning: variable 'a' set but not used [-Wunused-but-set-variable]
  u32 a;
      ^
../src/spi_mine.c: In function 'manualFreqControl':
../src/spi_mine.c:101:5: warning: implicit declaration of function 'getchar' [-Wimplicit-function-declaration]
   c=getchar();
     ^~~~~~~
Finished building: ../src/spi_mine.c
 
Building target: axi_to_wb.elf
Invoking: ARM v7 gcc linker
arm-none-eabi-gcc -mcpu=cortex-a9 -mfpu=vfpv3 -mfloat-abi=hard -Wl,-build-id=none -specs=Xilinx.spec -Wl,-T -Wl,../src/lscript.ld -L../../axi_to_wb_bsp/ps7_cortexa9_0/lib -o "axi_to_wb.elf"  ./src/axi_to_wb.o ./src/spi_ADC.o ./src/spi_general.o ./src/spi_mine.o   -Wl,--start-group,-lxil,-lgcc,-lc,--end-group
Finished building target: axi_to_wb.elf
 
Invoking: ARM v7 Print Size
arm-none-eabi-size axi_to_wb.elf  |tee "axi_to_wb.elf.size"
   text	   data	    bss	    dec	    hex	filename
  36988	   2236	2030288	2069512	 1f9408	axi_to_wb.elf
Finished building: axi_to_wb.elf.size
 
13:00:40 **** Auto Build of configuration Debug for project axi_to_wb ****
make pre-build main-build 
a9-linaro-pre-build-step
 
Building file: ../src/spi_mine.c
Invoking: ARM v7 gcc compiler
arm-none-eabi-gcc -Wall -O0 -g3 -I/home/milosz/Desktop/Xilinx/Vivado/projects/AXI_TO_WISHBONE_edit_slave/sf/axi_to_wb/include -c -fmessage-length=0 -MT"src/spi_mine.o" -mcpu=cortex-a9 -mfpu=vfpv3 -mfloat-abi=hard -I../../axi_to_wb_bsp/ps7_cortexa9_0/include -MMD -MP -MF"src/spi_mine.d" -MT"src/spi_mine.o" -o "src/spi_mine.o" "../src/spi_mine.c"
../src/spi_mine.c: In function 'led_on':
../src/spi_mine.c:40:6: warning: variable 'a' set but not used [-Wunused-but-set-variable]
  u32 a;
      ^
../src/spi_mine.c: In function 'manualFreqControl':
../src/spi_mine.c:101:5: warning: implicit declaration of function 'getchar' [-Wimplicit-function-declaration]
   c=getchar();
     ^~~~~~~
Finished building: ../src/spi_mine.c
 
Building target: axi_to_wb.elf
Invoking: ARM v7 gcc linker
arm-none-eabi-gcc -mcpu=cortex-a9 -mfpu=vfpv3 -mfloat-abi=hard -Wl,-build-id=none -specs=Xilinx.spec -Wl,-T -Wl,../src/lscript.ld -L../../axi_to_wb_bsp/ps7_cortexa9_0/lib -o "axi_to_wb.elf"  ./src/axi_to_wb.o ./src/spi_ADC.o ./src/spi_general.o ./src/spi_mine.o   -Wl,--start-group,-lxil,-lgcc,-lc,--end-group
Finished building target: axi_to_wb.elf
 
Invoking: ARM v7 Print Size
arm-none-eabi-size axi_to_wb.elf  |tee "axi_to_wb.elf.size"
   text	   data	    bss	    dec	    hex	filename
  36988	   2236	2030288	2069512	 1f9408	axi_to_wb.elf
Finished building: axi_to_wb.elf.size
 
13:00:41 **** Incremental Build of configuration Debug for project axi_to_wb ****
make pre-build main-build 
a9-linaro-pre-build-step
 
make: Nothing to be done for 'main-build'.
13:01:22 **** Incremental Build of configuration Debug for project axi_to_wb ****
make pre-build main-build 
a9-linaro-pre-build-step
 
Building file: ../src/spi_mine.c
Invoking: ARM v7 gcc compiler
arm-none-eabi-gcc -Wall -O0 -g3 -I/home/milosz/Desktop/Xilinx/Vivado/projects/AXI_TO_WISHBONE_edit_slave/sf/axi_to_wb/include -c -fmessage-length=0 -MT"src/spi_mine.o" -mcpu=cortex-a9 -mfpu=vfpv3 -mfloat-abi=hard -I../../axi_to_wb_bsp/ps7_cortexa9_0/include -MMD -MP -MF"src/spi_mine.d" -MT"src/spi_mine.o" -o "src/spi_mine.o" "../src/spi_mine.c"
../src/spi_mine.c: In function 'led_on':
../src/spi_mine.c:40:6: warning: variable 'a' set but not used [-Wunused-but-set-variable]
  u32 a;
      ^
../src/spi_mine.c: In function 'manualFreqControl':
../src/spi_mine.c:101:5: warning: implicit declaration of function 'getchar' [-Wimplicit-function-declaration]
   c=getchar();
     ^~~~~~~
Finished building: ../src/spi_mine.c
 
Building target: axi_to_wb.elf
Invoking: ARM v7 gcc linker
arm-none-eabi-gcc -mcpu=cortex-a9 -mfpu=vfpv3 -mfloat-abi=hard -Wl,-build-id=none -specs=Xilinx.spec -Wl,-T -Wl,../src/lscript.ld -L../../axi_to_wb_bsp/ps7_cortexa9_0/lib -o "axi_to_wb.elf"  ./src/axi_to_wb.o ./src/spi_ADC.o ./src/spi_general.o ./src/spi_mine.o   -Wl,--start-group,-lxil,-lgcc,-lc,--end-group
Finished building target: axi_to_wb.elf
 
Invoking: ARM v7 Print Size
arm-none-eabi-size axi_to_wb.elf  |tee "axi_to_wb.elf.size"
   text	   data	    bss	    dec	    hex	filename
  36988	   2236	2030288	2069512	 1f9408	axi_to_wb.elf
Finished building: axi_to_wb.elf.size
 
13:04:38 **** Incremental Build of configuration Debug for project axi_to_wb ****
make pre-build main-build 
a9-linaro-pre-build-step
 
Building file: ../src/spi_mine.c
Invoking: ARM v7 gcc compiler
arm-none-eabi-gcc -Wall -O0 -g3 -I/home/milosz/Desktop/Xilinx/Vivado/projects/AXI_TO_WISHBONE_edit_slave/sf/axi_to_wb/include -c -fmessage-length=0 -MT"src/spi_mine.o" -mcpu=cortex-a9 -mfpu=vfpv3 -mfloat-abi=hard -I../../axi_to_wb_bsp/ps7_cortexa9_0/include -MMD -MP -MF"src/spi_mine.d" -MT"src/spi_mine.o" -o "src/spi_mine.o" "../src/spi_mine.c"
../src/spi_mine.c: In function 'led_on':
../src/spi_mine.c:40:6: warning: variable 'a' set but not used [-Wunused-but-set-variable]
  u32 a;
      ^
../src/spi_mine.c: In function 'manualFreqControl':
../src/spi_mine.c:101:5: warning: implicit declaration of function 'getchar' [-Wimplicit-function-declaration]
   c=getchar();
     ^~~~~~~
Finished building: ../src/spi_mine.c
 
Building target: axi_to_wb.elf
Invoking: ARM v7 gcc linker
arm-none-eabi-gcc -mcpu=cortex-a9 -mfpu=vfpv3 -mfloat-abi=hard -Wl,-build-id=none -specs=Xilinx.spec -Wl,-T -Wl,../src/lscript.ld -L../../axi_to_wb_bsp/ps7_cortexa9_0/lib -o "axi_to_wb.elf"  ./src/axi_to_wb.o ./src/spi_ADC.o ./src/spi_general.o ./src/spi_mine.o   -Wl,--start-group,-lxil,-lgcc,-lc,--end-group
Finished building target: axi_to_wb.elf
 
Invoking: ARM v7 Print Size
arm-none-eabi-size axi_to_wb.elf  |tee "axi_to_wb.elf.size"
   text	   data	    bss	    dec	    hex	filename
  36988	   2236	2030288	2069512	 1f9408	axi_to_wb.elf
Finished building: axi_to_wb.elf.size
 
13:04:49 **** Incremental Build of configuration Debug for project axi_to_wb ****
make pre-build main-build 
a9-linaro-pre-build-step
 
Building file: ../src/spi_mine.c
Invoking: ARM v7 gcc compiler
arm-none-eabi-gcc -Wall -O0 -g3 -I/home/milosz/Desktop/Xilinx/Vivado/projects/AXI_TO_WISHBONE_edit_slave/sf/axi_to_wb/include -c -fmessage-length=0 -MT"src/spi_mine.o" -mcpu=cortex-a9 -mfpu=vfpv3 -mfloat-abi=hard -I../../axi_to_wb_bsp/ps7_cortexa9_0/include -MMD -MP -MF"src/spi_mine.d" -MT"src/spi_mine.o" -o "src/spi_mine.o" "../src/spi_mine.c"
../src/spi_mine.c: In function 'led_on':
../src/spi_mine.c:40:6: warning: variable 'a' set but not used [-Wunused-but-set-variable]
  u32 a;
      ^
../src/spi_mine.c: In function 'manualFreqControl':
../src/spi_mine.c:101:5: warning: implicit declaration of function 'getchar' [-Wimplicit-function-declaration]
   c=getchar();
     ^~~~~~~
Finished building: ../src/spi_mine.c
 
Building target: axi_to_wb.elf
Invoking: ARM v7 gcc linker
arm-none-eabi-gcc -mcpu=cortex-a9 -mfpu=vfpv3 -mfloat-abi=hard -Wl,-build-id=none -specs=Xilinx.spec -Wl,-T -Wl,../src/lscript.ld -L../../axi_to_wb_bsp/ps7_cortexa9_0/lib -o "axi_to_wb.elf"  ./src/axi_to_wb.o ./src/spi_ADC.o ./src/spi_general.o ./src/spi_mine.o   -Wl,--start-group,-lxil,-lgcc,-lc,--end-group
Finished building target: axi_to_wb.elf
 
Invoking: ARM v7 Print Size
arm-none-eabi-size axi_to_wb.elf  |tee "axi_to_wb.elf.size"
   text	   data	    bss	    dec	    hex	filename
  36988	   2236	2030288	2069512	 1f9408	axi_to_wb.elf
Finished building: axi_to_wb.elf.size
 
13:05:04 **** Incremental Build of configuration Debug for project axi_to_wb ****
make pre-build main-build 
a9-linaro-pre-build-step
 
Building file: ../src/spi_mine.c
Invoking: ARM v7 gcc compiler
arm-none-eabi-gcc -Wall -O0 -g3 -I/home/milosz/Desktop/Xilinx/Vivado/projects/AXI_TO_WISHBONE_edit_slave/sf/axi_to_wb/include -c -fmessage-length=0 -MT"src/spi_mine.o" -mcpu=cortex-a9 -mfpu=vfpv3 -mfloat-abi=hard -I../../axi_to_wb_bsp/ps7_cortexa9_0/include -MMD -MP -MF"src/spi_mine.d" -MT"src/spi_mine.o" -o "src/spi_mine.o" "../src/spi_mine.c"
../src/spi_mine.c: In function 'led_on':
../src/spi_mine.c:40:6: warning: variable 'a' set but not used [-Wunused-but-set-variable]
  u32 a;
      ^
../src/spi_mine.c: In function 'manualFreqControl':
../src/spi_mine.c:101:5: warning: implicit declaration of function 'getchar' [-Wimplicit-function-declaration]
   c=getchar();
     ^~~~~~~
Finished building: ../src/spi_mine.c
 
Building target: axi_to_wb.elf
Invoking: ARM v7 gcc linker
arm-none-eabi-gcc -mcpu=cortex-a9 -mfpu=vfpv3 -mfloat-abi=hard -Wl,-build-id=none -specs=Xilinx.spec -Wl,-T -Wl,../src/lscript.ld -L../../axi_to_wb_bsp/ps7_cortexa9_0/lib -o "axi_to_wb.elf"  ./src/axi_to_wb.o ./src/spi_ADC.o ./src/spi_general.o ./src/spi_mine.o   -Wl,--start-group,-lxil,-lgcc,-lc,--end-group
Finished building target: axi_to_wb.elf
 
Invoking: ARM v7 Print Size
arm-none-eabi-size axi_to_wb.elf  |tee "axi_to_wb.elf.size"
   text	   data	    bss	    dec	    hex	filename
  36988	   2236	2030288	2069512	 1f9408	axi_to_wb.elf
Finished building: axi_to_wb.elf.size
 
13:08:10 **** Incremental Build of configuration Debug for project axi_to_wb ****
make pre-build main-build 
a9-linaro-pre-build-step
 
Building file: ../src/spi_mine.c
Invoking: ARM v7 gcc compiler
arm-none-eabi-gcc -Wall -O0 -g3 -I/home/milosz/Desktop/Xilinx/Vivado/projects/AXI_TO_WISHBONE_edit_slave/sf/axi_to_wb/include -c -fmessage-length=0 -MT"src/spi_mine.o" -mcpu=cortex-a9 -mfpu=vfpv3 -mfloat-abi=hard -I../../axi_to_wb_bsp/ps7_cortexa9_0/include -MMD -MP -MF"src/spi_mine.d" -MT"src/spi_mine.o" -o "src/spi_mine.o" "../src/spi_mine.c"
../src/spi_mine.c: In function 'led_on':
../src/spi_mine.c:40:6: warning: variable 'a' set but not used [-Wunused-but-set-variable]
  u32 a;
      ^
../src/spi_mine.c: In function 'manualFreqControl':
../src/spi_mine.c:101:5: warning: implicit declaration of function 'getchar' [-Wimplicit-function-declaration]
   c=getchar();
     ^~~~~~~
Finished building: ../src/spi_mine.c
 
Building target: axi_to_wb.elf
Invoking: ARM v7 gcc linker
arm-none-eabi-gcc -mcpu=cortex-a9 -mfpu=vfpv3 -mfloat-abi=hard -Wl,-build-id=none -specs=Xilinx.spec -Wl,-T -Wl,../src/lscript.ld -L../../axi_to_wb_bsp/ps7_cortexa9_0/lib -o "axi_to_wb.elf"  ./src/axi_to_wb.o ./src/spi_ADC.o ./src/spi_general.o ./src/spi_mine.o   -Wl,--start-group,-lxil,-lgcc,-lc,--end-group
Finished building target: axi_to_wb.elf
 
Invoking: ARM v7 Print Size
arm-none-eabi-size axi_to_wb.elf  |tee "axi_to_wb.elf.size"
   text	   data	    bss	    dec	    hex	filename
  36988	   2236	2030288	2069512	 1f9408	axi_to_wb.elf
Finished building: axi_to_wb.elf.size
 
13:13:14 **** Incremental Build of configuration Debug for project axi_to_wb ****
make pre-build main-build 
a9-linaro-pre-build-step
 
Building file: ../src/spi_mine.c
Invoking: ARM v7 gcc compiler
arm-none-eabi-gcc -Wall -O0 -g3 -I/home/milosz/Desktop/Xilinx/Vivado/projects/AXI_TO_WISHBONE_edit_slave/sf/axi_to_wb/include -c -fmessage-length=0 -MT"src/spi_mine.o" -mcpu=cortex-a9 -mfpu=vfpv3 -mfloat-abi=hard -I../../axi_to_wb_bsp/ps7_cortexa9_0/include -MMD -MP -MF"src/spi_mine.d" -MT"src/spi_mine.o" -o "src/spi_mine.o" "../src/spi_mine.c"
../src/spi_mine.c: In function 'led_on':
../src/spi_mine.c:40:6: warning: variable 'a' set but not used [-Wunused-but-set-variable]
  u32 a;
      ^
../src/spi_mine.c: In function 'manualFreqControl':
../src/spi_mine.c:101:5: warning: implicit declaration of function 'getchar' [-Wimplicit-function-declaration]
   c=getchar();
     ^~~~~~~
Finished building: ../src/spi_mine.c
 
Building target: axi_to_wb.elf
Invoking: ARM v7 gcc linker
arm-none-eabi-gcc -mcpu=cortex-a9 -mfpu=vfpv3 -mfloat-abi=hard -Wl,-build-id=none -specs=Xilinx.spec -Wl,-T -Wl,../src/lscript.ld -L../../axi_to_wb_bsp/ps7_cortexa9_0/lib -o "axi_to_wb.elf"  ./src/axi_to_wb.o ./src/spi_ADC.o ./src/spi_general.o ./src/spi_mine.o   -Wl,--start-group,-lxil,-lgcc,-lc,--end-group
Finished building target: axi_to_wb.elf
 
Invoking: ARM v7 Print Size
arm-none-eabi-size axi_to_wb.elf  |tee "axi_to_wb.elf.size"
   text	   data	    bss	    dec	    hex	filename
  36988	   2236	2030288	2069512	 1f9408	axi_to_wb.elf
Finished building: axi_to_wb.elf.size
 
13:18:00 **** Auto Build of configuration Debug for project axi_to_wb ****
make pre-build main-build 
a9-linaro-pre-build-step
 
Building file: ../src/spi_mine.c
Invoking: ARM v7 gcc compiler
arm-none-eabi-gcc -Wall -O0 -g3 -I/home/milosz/Desktop/Xilinx/Vivado/projects/AXI_TO_WISHBONE_edit_slave/sf/axi_to_wb/include -c -fmessage-length=0 -MT"src/spi_mine.o" -mcpu=cortex-a9 -mfpu=vfpv3 -mfloat-abi=hard -I../../axi_to_wb_bsp/ps7_cortexa9_0/include -MMD -MP -MF"src/spi_mine.d" -MT"src/spi_mine.o" -o "src/spi_mine.o" "../src/spi_mine.c"
../src/spi_mine.c: In function 'led_on':
../src/spi_mine.c:40:6: warning: variable 'a' set but not used [-Wunused-but-set-variable]
  u32 a;
      ^
../src/spi_mine.c: In function 'manualFreqControl':
../src/spi_mine.c:101:5: warning: implicit declaration of function 'getchar' [-Wimplicit-function-declaration]
   c=getchar();
     ^~~~~~~
Finished building: ../src/spi_mine.c
 
Building target: axi_to_wb.elf
Invoking: ARM v7 gcc linker
arm-none-eabi-gcc -mcpu=cortex-a9 -mfpu=vfpv3 -mfloat-abi=hard -Wl,-build-id=none -specs=Xilinx.spec -Wl,-T -Wl,../src/lscript.ld -L../../axi_to_wb_bsp/ps7_cortexa9_0/lib -o "axi_to_wb.elf"  ./src/axi_to_wb.o ./src/spi_ADC.o ./src/spi_general.o ./src/spi_mine.o   -Wl,--start-group,-lxil,-lgcc,-lc,--end-group
Finished building target: axi_to_wb.elf
 
Invoking: ARM v7 Print Size
arm-none-eabi-size axi_to_wb.elf  |tee "axi_to_wb.elf.size"
   text	   data	    bss	    dec	    hex	filename
  36988	   2236	2030288	2069512	 1f9408	axi_to_wb.elf
Finished building: axi_to_wb.elf.size
 
13:18:54 **** Incremental Build of configuration Debug for project axi_to_wb ****
make pre-build main-build 
a9-linaro-pre-build-step
 
make: Nothing to be done for 'main-build'.
13:19:15 **** Auto Build of configuration Debug for project axi_to_wb ****
make pre-build main-build 
a9-linaro-pre-build-step
 
Building file: ../src/spi_mine.c
Invoking: ARM v7 gcc compiler
arm-none-eabi-gcc -Wall -O0 -g3 -I/home/milosz/Desktop/Xilinx/Vivado/projects/AXI_TO_WISHBONE_edit_slave/sf/axi_to_wb/include -c -fmessage-length=0 -MT"src/spi_mine.o" -mcpu=cortex-a9 -mfpu=vfpv3 -mfloat-abi=hard -I../../axi_to_wb_bsp/ps7_cortexa9_0/include -MMD -MP -MF"src/spi_mine.d" -MT"src/spi_mine.o" -o "src/spi_mine.o" "../src/spi_mine.c"
../src/spi_mine.c: In function 'led_on':
../src/spi_mine.c:40:6: warning: variable 'a' set but not used [-Wunused-but-set-variable]
  u32 a;
      ^
../src/spi_mine.c: In function 'manualFreqControl':
../src/spi_mine.c:101:5: warning: implicit declaration of function 'getchar' [-Wimplicit-function-declaration]
   c=getchar();
     ^~~~~~~
Finished building: ../src/spi_mine.c
 
Building target: axi_to_wb.elf
Invoking: ARM v7 gcc linker
arm-none-eabi-gcc -mcpu=cortex-a9 -mfpu=vfpv3 -mfloat-abi=hard -Wl,-build-id=none -specs=Xilinx.spec -Wl,-T -Wl,../src/lscript.ld -L../../axi_to_wb_bsp/ps7_cortexa9_0/lib -o "axi_to_wb.elf"  ./src/axi_to_wb.o ./src/spi_ADC.o ./src/spi_general.o ./src/spi_mine.o   -Wl,--start-group,-lxil,-lgcc,-lc,--end-group
Finished building target: axi_to_wb.elf
 
Invoking: ARM v7 Print Size
arm-none-eabi-size axi_to_wb.elf  |tee "axi_to_wb.elf.size"
   text	   data	    bss	    dec	    hex	filename
  36988	   2236	2030288	2069512	 1f9408	axi_to_wb.elf
Finished building: axi_to_wb.elf.size
 
13:19:36 **** Auto Build of configuration Debug for project axi_to_wb ****
make pre-build main-build 
a9-linaro-pre-build-step
 
Building file: ../src/spi_mine.c
Invoking: ARM v7 gcc compiler
arm-none-eabi-gcc -Wall -O0 -g3 -I/home/milosz/Desktop/Xilinx/Vivado/projects/AXI_TO_WISHBONE_edit_slave/sf/axi_to_wb/include -c -fmessage-length=0 -MT"src/spi_mine.o" -mcpu=cortex-a9 -mfpu=vfpv3 -mfloat-abi=hard -I../../axi_to_wb_bsp/ps7_cortexa9_0/include -MMD -MP -MF"src/spi_mine.d" -MT"src/spi_mine.o" -o "src/spi_mine.o" "../src/spi_mine.c"
../src/spi_mine.c: In function 'led_on':
../src/spi_mine.c:40:6: warning: variable 'a' set but not used [-Wunused-but-set-variable]
  u32 a;
      ^
../src/spi_mine.c: In function 'manualFreqControl':
../src/spi_mine.c:101:5: warning: implicit declaration of function 'getchar' [-Wimplicit-function-declaration]
   c=getchar();
     ^~~~~~~
Finished building: ../src/spi_mine.c
 
Building target: axi_to_wb.elf
Invoking: ARM v7 gcc linker
arm-none-eabi-gcc -mcpu=cortex-a9 -mfpu=vfpv3 -mfloat-abi=hard -Wl,-build-id=none -specs=Xilinx.spec -Wl,-T -Wl,../src/lscript.ld -L../../axi_to_wb_bsp/ps7_cortexa9_0/lib -o "axi_to_wb.elf"  ./src/axi_to_wb.o ./src/spi_ADC.o ./src/spi_general.o ./src/spi_mine.o   -Wl,--start-group,-lxil,-lgcc,-lc,--end-group
Finished building target: axi_to_wb.elf
 
Invoking: ARM v7 Print Size
arm-none-eabi-size axi_to_wb.elf  |tee "axi_to_wb.elf.size"
   text	   data	    bss	    dec	    hex	filename
  36988	   2236	2030288	2069512	 1f9408	axi_to_wb.elf
Finished building: axi_to_wb.elf.size
 
13:19:36 **** Incremental Build of configuration Debug for project axi_to_wb ****
make pre-build main-build 
a9-linaro-pre-build-step
 
make: Nothing to be done for 'main-build'.
13:21:33 **** Incremental Build of configuration Debug for project axi_to_wb ****
make pre-build main-build 
a9-linaro-pre-build-step
 
Building file: ../src/spi_mine.c
Invoking: ARM v7 gcc compiler
arm-none-eabi-gcc -Wall -O0 -g3 -I/home/milosz/Desktop/Xilinx/Vivado/projects/AXI_TO_WISHBONE_edit_slave/sf/axi_to_wb/include -c -fmessage-length=0 -MT"src/spi_mine.o" -mcpu=cortex-a9 -mfpu=vfpv3 -mfloat-abi=hard -I../../axi_to_wb_bsp/ps7_cortexa9_0/include -MMD -MP -MF"src/spi_mine.d" -MT"src/spi_mine.o" -o "src/spi_mine.o" "../src/spi_mine.c"
../src/spi_mine.c: In function 'led_on':
../src/spi_mine.c:40:6: warning: variable 'a' set but not used [-Wunused-but-set-variable]
  u32 a;
      ^
../src/spi_mine.c: In function 'manualFreqControl':
../src/spi_mine.c:101:5: warning: implicit declaration of function 'getchar' [-Wimplicit-function-declaration]
   c=getchar();
     ^~~~~~~
Finished building: ../src/spi_mine.c
 
Building target: axi_to_wb.elf
Invoking: ARM v7 gcc linker
arm-none-eabi-gcc -mcpu=cortex-a9 -mfpu=vfpv3 -mfloat-abi=hard -Wl,-build-id=none -specs=Xilinx.spec -Wl,-T -Wl,../src/lscript.ld -L../../axi_to_wb_bsp/ps7_cortexa9_0/lib -o "axi_to_wb.elf"  ./src/axi_to_wb.o ./src/spi_ADC.o ./src/spi_general.o ./src/spi_mine.o   -Wl,--start-group,-lxil,-lgcc,-lc,--end-group
Finished building target: axi_to_wb.elf
 
Invoking: ARM v7 Print Size
arm-none-eabi-size axi_to_wb.elf  |tee "axi_to_wb.elf.size"
   text	   data	    bss	    dec	    hex	filename
  36988	   2236	2030288	2069512	 1f9408	axi_to_wb.elf
Finished building: axi_to_wb.elf.size
 
13:23:52 **** Incremental Build of configuration Debug for project axi_to_wb ****
make pre-build main-build 
a9-linaro-pre-build-step
 
Building file: ../src/spi_mine.c
Invoking: ARM v7 gcc compiler
arm-none-eabi-gcc -Wall -O0 -g3 -I/home/milosz/Desktop/Xilinx/Vivado/projects/AXI_TO_WISHBONE_edit_slave/sf/axi_to_wb/include -c -fmessage-length=0 -MT"src/spi_mine.o" -mcpu=cortex-a9 -mfpu=vfpv3 -mfloat-abi=hard -I../../axi_to_wb_bsp/ps7_cortexa9_0/include -MMD -MP -MF"src/spi_mine.d" -MT"src/spi_mine.o" -o "src/spi_mine.o" "../src/spi_mine.c"
../src/spi_mine.c: In function 'led_on':
../src/spi_mine.c:40:6: warning: variable 'a' set but not used [-Wunused-but-set-variable]
  u32 a;
      ^
../src/spi_mine.c: In function 'manualFreqControl':
../src/spi_mine.c:101:5: warning: implicit declaration of function 'getchar' [-Wimplicit-function-declaration]
   c=getchar();
     ^~~~~~~
Finished building: ../src/spi_mine.c
 
Building target: axi_to_wb.elf
Invoking: ARM v7 gcc linker
arm-none-eabi-gcc -mcpu=cortex-a9 -mfpu=vfpv3 -mfloat-abi=hard -Wl,-build-id=none -specs=Xilinx.spec -Wl,-T -Wl,../src/lscript.ld -L../../axi_to_wb_bsp/ps7_cortexa9_0/lib -o "axi_to_wb.elf"  ./src/axi_to_wb.o ./src/spi_ADC.o ./src/spi_general.o ./src/spi_mine.o   -Wl,--start-group,-lxil,-lgcc,-lc,--end-group
Finished building target: axi_to_wb.elf
 
Invoking: ARM v7 Print Size
arm-none-eabi-size axi_to_wb.elf  |tee "axi_to_wb.elf.size"
   text	   data	    bss	    dec	    hex	filename
  36988	   2236	2030288	2069512	 1f9408	axi_to_wb.elf
Finished building: axi_to_wb.elf.size
 
13:24:12 **** Auto Build of configuration Debug for project axi_to_wb ****
make pre-build main-build 
a9-linaro-pre-build-step
 
Building file: ../src/spi_mine.c
Invoking: ARM v7 gcc compiler
arm-none-eabi-gcc -Wall -O0 -g3 -I/home/milosz/Desktop/Xilinx/Vivado/projects/AXI_TO_WISHBONE_edit_slave/sf/axi_to_wb/include -c -fmessage-length=0 -MT"src/spi_mine.o" -mcpu=cortex-a9 -mfpu=vfpv3 -mfloat-abi=hard -I../../axi_to_wb_bsp/ps7_cortexa9_0/include -MMD -MP -MF"src/spi_mine.d" -MT"src/spi_mine.o" -o "src/spi_mine.o" "../src/spi_mine.c"
../src/spi_mine.c: In function 'led_on':
../src/spi_mine.c:40:6: warning: variable 'a' set but not used [-Wunused-but-set-variable]
  u32 a;
      ^
../src/spi_mine.c: In function 'manualFreqControl':
../src/spi_mine.c:101:5: warning: implicit declaration of function 'getchar' [-Wimplicit-function-declaration]
   c=getchar();
     ^~~~~~~
Finished building: ../src/spi_mine.c
 
Building target: axi_to_wb.elf
Invoking: ARM v7 gcc linker
arm-none-eabi-gcc -mcpu=cortex-a9 -mfpu=vfpv3 -mfloat-abi=hard -Wl,-build-id=none -specs=Xilinx.spec -Wl,-T -Wl,../src/lscript.ld -L../../axi_to_wb_bsp/ps7_cortexa9_0/lib -o "axi_to_wb.elf"  ./src/axi_to_wb.o ./src/spi_ADC.o ./src/spi_general.o ./src/spi_mine.o   -Wl,--start-group,-lxil,-lgcc,-lc,--end-group
Finished building target: axi_to_wb.elf
 
Invoking: ARM v7 Print Size
arm-none-eabi-size axi_to_wb.elf  |tee "axi_to_wb.elf.size"
   text	   data	    bss	    dec	    hex	filename
  36988	   2236	2030288	2069512	 1f9408	axi_to_wb.elf
Finished building: axi_to_wb.elf.size
 
13:24:13 **** Incremental Build of configuration Debug for project axi_to_wb ****
make pre-build main-build 
a9-linaro-pre-build-step
 
make: Nothing to be done for 'main-build'.
13:25:43 **** Auto Build of configuration Debug for project axi_to_wb ****
make pre-build main-build 
a9-linaro-pre-build-step
 
Building file: ../src/spi_mine.c
Invoking: ARM v7 gcc compiler
arm-none-eabi-gcc -Wall -O0 -g3 -I/home/milosz/Desktop/Xilinx/Vivado/projects/AXI_TO_WISHBONE_edit_slave/sf/axi_to_wb/include -c -fmessage-length=0 -MT"src/spi_mine.o" -mcpu=cortex-a9 -mfpu=vfpv3 -mfloat-abi=hard -I../../axi_to_wb_bsp/ps7_cortexa9_0/include -MMD -MP -MF"src/spi_mine.d" -MT"src/spi_mine.o" -o "src/spi_mine.o" "../src/spi_mine.c"
../src/spi_mine.c: In function 'led_on':
../src/spi_mine.c:40:6: warning: variable 'a' set but not used [-Wunused-but-set-variable]
  u32 a;
      ^
../src/spi_mine.c: In function 'manualFreqControl':
../src/spi_mine.c:101:5: warning: implicit declaration of function 'getchar' [-Wimplicit-function-declaration]
   c=getchar();
     ^~~~~~~
Finished building: ../src/spi_mine.c
 
Building target: axi_to_wb.elf
Invoking: ARM v7 gcc linker
arm-none-eabi-gcc -mcpu=cortex-a9 -mfpu=vfpv3 -mfloat-abi=hard -Wl,-build-id=none -specs=Xilinx.spec -Wl,-T -Wl,../src/lscript.ld -L../../axi_to_wb_bsp/ps7_cortexa9_0/lib -o "axi_to_wb.elf"  ./src/axi_to_wb.o ./src/spi_ADC.o ./src/spi_general.o ./src/spi_mine.o   -Wl,--start-group,-lxil,-lgcc,-lc,--end-group
Finished building target: axi_to_wb.elf
 
Invoking: ARM v7 Print Size
arm-none-eabi-size axi_to_wb.elf  |tee "axi_to_wb.elf.size"
   text	   data	    bss	    dec	    hex	filename
  36988	   2236	2030288	2069512	 1f9408	axi_to_wb.elf
Finished building: axi_to_wb.elf.size
 
13:25:44 **** Incremental Build of configuration Debug for project axi_to_wb ****
make pre-build main-build 
a9-linaro-pre-build-step
 
make: Nothing to be done for 'main-build'.
13:27:51 **** Incremental Build of configuration Debug for project axi_to_wb ****
make pre-build main-build 
a9-linaro-pre-build-step
 
Building file: ../src/spi_mine.c
Invoking: ARM v7 gcc compiler
arm-none-eabi-gcc -Wall -O0 -g3 -I/home/milosz/Desktop/Xilinx/Vivado/projects/AXI_TO_WISHBONE_edit_slave/sf/axi_to_wb/include -c -fmessage-length=0 -MT"src/spi_mine.o" -mcpu=cortex-a9 -mfpu=vfpv3 -mfloat-abi=hard -I../../axi_to_wb_bsp/ps7_cortexa9_0/include -MMD -MP -MF"src/spi_mine.d" -MT"src/spi_mine.o" -o "src/spi_mine.o" "../src/spi_mine.c"
../src/spi_mine.c: In function 'led_on':
../src/spi_mine.c:40:6: warning: variable 'a' set but not used [-Wunused-but-set-variable]
  u32 a;
      ^
../src/spi_mine.c: In function 'manualFreqControl':
../src/spi_mine.c:101:5: warning: implicit declaration of function 'getchar' [-Wimplicit-function-declaration]
   c=getchar();
     ^~~~~~~
Finished building: ../src/spi_mine.c
 
Building target: axi_to_wb.elf
Invoking: ARM v7 gcc linker
arm-none-eabi-gcc -mcpu=cortex-a9 -mfpu=vfpv3 -mfloat-abi=hard -Wl,-build-id=none -specs=Xilinx.spec -Wl,-T -Wl,../src/lscript.ld -L../../axi_to_wb_bsp/ps7_cortexa9_0/lib -o "axi_to_wb.elf"  ./src/axi_to_wb.o ./src/spi_ADC.o ./src/spi_general.o ./src/spi_mine.o   -Wl,--start-group,-lxil,-lgcc,-lc,--end-group
Finished building target: axi_to_wb.elf
 
Invoking: ARM v7 Print Size
arm-none-eabi-size axi_to_wb.elf  |tee "axi_to_wb.elf.size"
   text	   data	    bss	    dec	    hex	filename
  36988	   2236	2030288	2069512	 1f9408	axi_to_wb.elf
Finished building: axi_to_wb.elf.size
 
13:31:51 **** Incremental Build of configuration Debug for project axi_to_wb ****
make pre-build main-build 
a9-linaro-pre-build-step
 
Building file: ../src/spi_ADC.c
Invoking: ARM v7 gcc compiler
arm-none-eabi-gcc -Wall -O0 -g3 -I/home/milosz/Desktop/Xilinx/Vivado/projects/AXI_TO_WISHBONE_edit_slave/sf/axi_to_wb/include -c -fmessage-length=0 -MT"src/spi_ADC.o" -mcpu=cortex-a9 -mfpu=vfpv3 -mfloat-abi=hard -I../../axi_to_wb_bsp/ps7_cortexa9_0/include -MMD -MP -MF"src/spi_ADC.d" -MT"src/spi_ADC.o" -o "src/spi_ADC.o" "../src/spi_ADC.c"
Finished building: ../src/spi_ADC.c
 
Building target: axi_to_wb.elf
Invoking: ARM v7 gcc linker
arm-none-eabi-gcc -mcpu=cortex-a9 -mfpu=vfpv3 -mfloat-abi=hard -Wl,-build-id=none -specs=Xilinx.spec -Wl,-T -Wl,../src/lscript.ld -L../../axi_to_wb_bsp/ps7_cortexa9_0/lib -o "axi_to_wb.elf"  ./src/axi_to_wb.o ./src/spi_ADC.o ./src/spi_general.o ./src/spi_mine.o   -Wl,--start-group,-lxil,-lgcc,-lc,--end-group
Finished building target: axi_to_wb.elf
 
Invoking: ARM v7 Print Size
arm-none-eabi-size axi_to_wb.elf  |tee "axi_to_wb.elf.size"
   text	   data	    bss	    dec	    hex	filename
  36988	   2236	2030288	2069512	 1f9408	axi_to_wb.elf
Finished building: axi_to_wb.elf.size
 
13:33:27 **** Incremental Build of configuration Debug for project axi_to_wb ****
make pre-build main-build 
a9-linaro-pre-build-step
 
Building file: ../src/spi_mine.c
Invoking: ARM v7 gcc compiler
arm-none-eabi-gcc -Wall -O0 -g3 -I/home/milosz/Desktop/Xilinx/Vivado/projects/AXI_TO_WISHBONE_edit_slave/sf/axi_to_wb/include -c -fmessage-length=0 -MT"src/spi_mine.o" -mcpu=cortex-a9 -mfpu=vfpv3 -mfloat-abi=hard -I../../axi_to_wb_bsp/ps7_cortexa9_0/include -MMD -MP -MF"src/spi_mine.d" -MT"src/spi_mine.o" -o "src/spi_mine.o" "../src/spi_mine.c"
../src/spi_mine.c: In function 'led_on':
../src/spi_mine.c:40:6: warning: variable 'a' set but not used [-Wunused-but-set-variable]
  u32 a;
      ^
../src/spi_mine.c: In function 'manualFreqControl':
../src/spi_mine.c:101:5: warning: implicit declaration of function 'getchar' [-Wimplicit-function-declaration]
   c=getchar();
     ^~~~~~~
Finished building: ../src/spi_mine.c
 
Building target: axi_to_wb.elf
Invoking: ARM v7 gcc linker
arm-none-eabi-gcc -mcpu=cortex-a9 -mfpu=vfpv3 -mfloat-abi=hard -Wl,-build-id=none -specs=Xilinx.spec -Wl,-T -Wl,../src/lscript.ld -L../../axi_to_wb_bsp/ps7_cortexa9_0/lib -o "axi_to_wb.elf"  ./src/axi_to_wb.o ./src/spi_ADC.o ./src/spi_general.o ./src/spi_mine.o   -Wl,--start-group,-lxil,-lgcc,-lc,--end-group
Finished building target: axi_to_wb.elf
 
Invoking: ARM v7 Print Size
arm-none-eabi-size axi_to_wb.elf  |tee "axi_to_wb.elf.size"
   text	   data	    bss	    dec	    hex	filename
  36988	   2236	2030288	2069512	 1f9408	axi_to_wb.elf
Finished building: axi_to_wb.elf.size
 
13:33:40 **** Incremental Build of configuration Debug for project axi_to_wb ****
make pre-build main-build 
a9-linaro-pre-build-step
 
Building file: ../src/spi_mine.c
Invoking: ARM v7 gcc compiler
arm-none-eabi-gcc -Wall -O0 -g3 -I/home/milosz/Desktop/Xilinx/Vivado/projects/AXI_TO_WISHBONE_edit_slave/sf/axi_to_wb/include -c -fmessage-length=0 -MT"src/spi_mine.o" -mcpu=cortex-a9 -mfpu=vfpv3 -mfloat-abi=hard -I../../axi_to_wb_bsp/ps7_cortexa9_0/include -MMD -MP -MF"src/spi_mine.d" -MT"src/spi_mine.o" -o "src/spi_mine.o" "../src/spi_mine.c"
../src/spi_mine.c: In function 'led_on':
../src/spi_mine.c:40:6: warning: variable 'a' set but not used [-Wunused-but-set-variable]
  u32 a;
      ^
../src/spi_mine.c: In function 'manualFreqControl':
../src/spi_mine.c:101:5: warning: implicit declaration of function 'getchar' [-Wimplicit-function-declaration]
   c=getchar();
     ^~~~~~~
Finished building: ../src/spi_mine.c
 
Building target: axi_to_wb.elf
Invoking: ARM v7 gcc linker
arm-none-eabi-gcc -mcpu=cortex-a9 -mfpu=vfpv3 -mfloat-abi=hard -Wl,-build-id=none -specs=Xilinx.spec -Wl,-T -Wl,../src/lscript.ld -L../../axi_to_wb_bsp/ps7_cortexa9_0/lib -o "axi_to_wb.elf"  ./src/axi_to_wb.o ./src/spi_ADC.o ./src/spi_general.o ./src/spi_mine.o   -Wl,--start-group,-lxil,-lgcc,-lc,--end-group
Finished building target: axi_to_wb.elf
 
Invoking: ARM v7 Print Size
arm-none-eabi-size axi_to_wb.elf  |tee "axi_to_wb.elf.size"
   text	   data	    bss	    dec	    hex	filename
  36988	   2236	2030288	2069512	 1f9408	axi_to_wb.elf
Finished building: axi_to_wb.elf.size
 
13:34:03 **** Incremental Build of configuration Debug for project axi_to_wb ****
make pre-build main-build 
a9-linaro-pre-build-step
 
Building file: ../src/spi_mine.c
Invoking: ARM v7 gcc compiler
arm-none-eabi-gcc -Wall -O0 -g3 -I/home/milosz/Desktop/Xilinx/Vivado/projects/AXI_TO_WISHBONE_edit_slave/sf/axi_to_wb/include -c -fmessage-length=0 -MT"src/spi_mine.o" -mcpu=cortex-a9 -mfpu=vfpv3 -mfloat-abi=hard -I../../axi_to_wb_bsp/ps7_cortexa9_0/include -MMD -MP -MF"src/spi_mine.d" -MT"src/spi_mine.o" -o "src/spi_mine.o" "../src/spi_mine.c"
../src/spi_mine.c: In function 'led_on':
../src/spi_mine.c:40:6: warning: variable 'a' set but not used [-Wunused-but-set-variable]
  u32 a;
      ^
../src/spi_mine.c: In function 'manualFreqControl':
../src/spi_mine.c:101:5: warning: implicit declaration of function 'getchar' [-Wimplicit-function-declaration]
   c=getchar();
     ^~~~~~~
Finished building: ../src/spi_mine.c
 
Building target: axi_to_wb.elf
Invoking: ARM v7 gcc linker
arm-none-eabi-gcc -mcpu=cortex-a9 -mfpu=vfpv3 -mfloat-abi=hard -Wl,-build-id=none -specs=Xilinx.spec -Wl,-T -Wl,../src/lscript.ld -L../../axi_to_wb_bsp/ps7_cortexa9_0/lib -o "axi_to_wb.elf"  ./src/axi_to_wb.o ./src/spi_ADC.o ./src/spi_general.o ./src/spi_mine.o   -Wl,--start-group,-lxil,-lgcc,-lc,--end-group
Finished building target: axi_to_wb.elf
 
Invoking: ARM v7 Print Size
arm-none-eabi-size axi_to_wb.elf  |tee "axi_to_wb.elf.size"
   text	   data	    bss	    dec	    hex	filename
  36988	   2236	2030288	2069512	 1f9408	axi_to_wb.elf
Finished building: axi_to_wb.elf.size
 
13:34:20 **** Incremental Build of configuration Debug for project axi_to_wb ****
make pre-build main-build 
a9-linaro-pre-build-step
 
Building file: ../src/spi_mine.c
Invoking: ARM v7 gcc compiler
arm-none-eabi-gcc -Wall -O0 -g3 -I/home/milosz/Desktop/Xilinx/Vivado/projects/AXI_TO_WISHBONE_edit_slave/sf/axi_to_wb/include -c -fmessage-length=0 -MT"src/spi_mine.o" -mcpu=cortex-a9 -mfpu=vfpv3 -mfloat-abi=hard -I../../axi_to_wb_bsp/ps7_cortexa9_0/include -MMD -MP -MF"src/spi_mine.d" -MT"src/spi_mine.o" -o "src/spi_mine.o" "../src/spi_mine.c"
../src/spi_mine.c: In function 'led_on':
../src/spi_mine.c:40:6: warning: variable 'a' set but not used [-Wunused-but-set-variable]
  u32 a;
      ^
../src/spi_mine.c: In function 'manualFreqControl':
../src/spi_mine.c:101:5: warning: implicit declaration of function 'getchar' [-Wimplicit-function-declaration]
   c=getchar();
     ^~~~~~~
Finished building: ../src/spi_mine.c
 
Building target: axi_to_wb.elf
Invoking: ARM v7 gcc linker
arm-none-eabi-gcc -mcpu=cortex-a9 -mfpu=vfpv3 -mfloat-abi=hard -Wl,-build-id=none -specs=Xilinx.spec -Wl,-T -Wl,../src/lscript.ld -L../../axi_to_wb_bsp/ps7_cortexa9_0/lib -o "axi_to_wb.elf"  ./src/axi_to_wb.o ./src/spi_ADC.o ./src/spi_general.o ./src/spi_mine.o   -Wl,--start-group,-lxil,-lgcc,-lc,--end-group
Finished building target: axi_to_wb.elf
 
Invoking: ARM v7 Print Size
arm-none-eabi-size axi_to_wb.elf  |tee "axi_to_wb.elf.size"
   text	   data	    bss	    dec	    hex	filename
  36988	   2236	2030288	2069512	 1f9408	axi_to_wb.elf
Finished building: axi_to_wb.elf.size
 
13:34:50 **** Incremental Build of configuration Debug for project axi_to_wb ****
make pre-build main-build 
a9-linaro-pre-build-step
 
Building file: ../src/spi_mine.c
Invoking: ARM v7 gcc compiler
arm-none-eabi-gcc -Wall -O0 -g3 -I/home/milosz/Desktop/Xilinx/Vivado/projects/AXI_TO_WISHBONE_edit_slave/sf/axi_to_wb/include -c -fmessage-length=0 -MT"src/spi_mine.o" -mcpu=cortex-a9 -mfpu=vfpv3 -mfloat-abi=hard -I../../axi_to_wb_bsp/ps7_cortexa9_0/include -MMD -MP -MF"src/spi_mine.d" -MT"src/spi_mine.o" -o "src/spi_mine.o" "../src/spi_mine.c"
../src/spi_mine.c: In function 'led_on':
../src/spi_mine.c:40:6: warning: variable 'a' set but not used [-Wunused-but-set-variable]
  u32 a;
      ^
../src/spi_mine.c: In function 'manualFreqControl':
../src/spi_mine.c:101:5: warning: implicit declaration of function 'getchar' [-Wimplicit-function-declaration]
   c=getchar();
     ^~~~~~~
Finished building: ../src/spi_mine.c
 
Building target: axi_to_wb.elf
Invoking: ARM v7 gcc linker
arm-none-eabi-gcc -mcpu=cortex-a9 -mfpu=vfpv3 -mfloat-abi=hard -Wl,-build-id=none -specs=Xilinx.spec -Wl,-T -Wl,../src/lscript.ld -L../../axi_to_wb_bsp/ps7_cortexa9_0/lib -o "axi_to_wb.elf"  ./src/axi_to_wb.o ./src/spi_ADC.o ./src/spi_general.o ./src/spi_mine.o   -Wl,--start-group,-lxil,-lgcc,-lc,--end-group
Finished building target: axi_to_wb.elf
 
Invoking: ARM v7 Print Size
arm-none-eabi-size axi_to_wb.elf  |tee "axi_to_wb.elf.size"
   text	   data	    bss	    dec	    hex	filename
  36988	   2236	2030288	2069512	 1f9408	axi_to_wb.elf
Finished building: axi_to_wb.elf.size
 
13:35:20 **** Incremental Build of configuration Debug for project axi_to_wb ****
make pre-build main-build 
a9-linaro-pre-build-step
 
Building file: ../src/spi_mine.c
Invoking: ARM v7 gcc compiler
arm-none-eabi-gcc -Wall -O0 -g3 -I/home/milosz/Desktop/Xilinx/Vivado/projects/AXI_TO_WISHBONE_edit_slave/sf/axi_to_wb/include -c -fmessage-length=0 -MT"src/spi_mine.o" -mcpu=cortex-a9 -mfpu=vfpv3 -mfloat-abi=hard -I../../axi_to_wb_bsp/ps7_cortexa9_0/include -MMD -MP -MF"src/spi_mine.d" -MT"src/spi_mine.o" -o "src/spi_mine.o" "../src/spi_mine.c"
../src/spi_mine.c: In function 'led_on':
../src/spi_mine.c:40:6: warning: variable 'a' set but not used [-Wunused-but-set-variable]
  u32 a;
      ^
../src/spi_mine.c: In function 'manualFreqControl':
../src/spi_mine.c:101:5: warning: implicit declaration of function 'getchar' [-Wimplicit-function-declaration]
   c=getchar();
     ^~~~~~~
Finished building: ../src/spi_mine.c
 
Building target: axi_to_wb.elf
Invoking: ARM v7 gcc linker
arm-none-eabi-gcc -mcpu=cortex-a9 -mfpu=vfpv3 -mfloat-abi=hard -Wl,-build-id=none -specs=Xilinx.spec -Wl,-T -Wl,../src/lscript.ld -L../../axi_to_wb_bsp/ps7_cortexa9_0/lib -o "axi_to_wb.elf"  ./src/axi_to_wb.o ./src/spi_ADC.o ./src/spi_general.o ./src/spi_mine.o   -Wl,--start-group,-lxil,-lgcc,-lc,--end-group
Finished building target: axi_to_wb.elf
 
Invoking: ARM v7 Print Size
arm-none-eabi-size axi_to_wb.elf  |tee "axi_to_wb.elf.size"
   text	   data	    bss	    dec	    hex	filename
  36988	   2236	2030288	2069512	 1f9408	axi_to_wb.elf
Finished building: axi_to_wb.elf.size
 
13:37:26 **** Incremental Build of configuration Debug for project axi_to_wb ****
make pre-build main-build 
a9-linaro-pre-build-step
 
Building file: ../src/spi_ADC.c
Invoking: ARM v7 gcc compiler
arm-none-eabi-gcc -Wall -O0 -g3 -I/home/milosz/Desktop/Xilinx/Vivado/projects/AXI_TO_WISHBONE_edit_slave/sf/axi_to_wb/include -c -fmessage-length=0 -MT"src/spi_ADC.o" -mcpu=cortex-a9 -mfpu=vfpv3 -mfloat-abi=hard -I../../axi_to_wb_bsp/ps7_cortexa9_0/include -MMD -MP -MF"src/spi_ADC.d" -MT"src/spi_ADC.o" -o "src/spi_ADC.o" "../src/spi_ADC.c"
Finished building: ../src/spi_ADC.c
 
Building target: axi_to_wb.elf
Invoking: ARM v7 gcc linker
arm-none-eabi-gcc -mcpu=cortex-a9 -mfpu=vfpv3 -mfloat-abi=hard -Wl,-build-id=none -specs=Xilinx.spec -Wl,-T -Wl,../src/lscript.ld -L../../axi_to_wb_bsp/ps7_cortexa9_0/lib -o "axi_to_wb.elf"  ./src/axi_to_wb.o ./src/spi_ADC.o ./src/spi_general.o ./src/spi_mine.o   -Wl,--start-group,-lxil,-lgcc,-lc,--end-group
Finished building target: axi_to_wb.elf
 
Invoking: ARM v7 Print Size
arm-none-eabi-size axi_to_wb.elf  |tee "axi_to_wb.elf.size"
   text	   data	    bss	    dec	    hex	filename
  36988	   2236	2030288	2069512	 1f9408	axi_to_wb.elf
Finished building: axi_to_wb.elf.size
 
13:39:45 **** Auto Build of configuration Debug for project axi_to_wb ****
make pre-build main-build 
a9-linaro-pre-build-step
 
Building file: ../src/spi_mine.c
Invoking: ARM v7 gcc compiler
arm-none-eabi-gcc -Wall -O0 -g3 -I/home/milosz/Desktop/Xilinx/Vivado/projects/AXI_TO_WISHBONE_edit_slave/sf/axi_to_wb/include -c -fmessage-length=0 -MT"src/spi_mine.o" -mcpu=cortex-a9 -mfpu=vfpv3 -mfloat-abi=hard -I../../axi_to_wb_bsp/ps7_cortexa9_0/include -MMD -MP -MF"src/spi_mine.d" -MT"src/spi_mine.o" -o "src/spi_mine.o" "../src/spi_mine.c"
../src/spi_mine.c: In function 'led_on':
../src/spi_mine.c:40:6: warning: variable 'a' set but not used [-Wunused-but-set-variable]
  u32 a;
      ^
../src/spi_mine.c: In function 'manualFreqControl':
../src/spi_mine.c:101:5: warning: implicit declaration of function 'getchar' [-Wimplicit-function-declaration]
   c=getchar();
     ^~~~~~~
Finished building: ../src/spi_mine.c
 
Building target: axi_to_wb.elf
Invoking: ARM v7 gcc linker
arm-none-eabi-gcc -mcpu=cortex-a9 -mfpu=vfpv3 -mfloat-abi=hard -Wl,-build-id=none -specs=Xilinx.spec -Wl,-T -Wl,../src/lscript.ld -L../../axi_to_wb_bsp/ps7_cortexa9_0/lib -o "axi_to_wb.elf"  ./src/axi_to_wb.o ./src/spi_ADC.o ./src/spi_general.o ./src/spi_mine.o   -Wl,--start-group,-lxil,-lgcc,-lc,--end-group
Finished building target: axi_to_wb.elf
 
Invoking: ARM v7 Print Size
arm-none-eabi-size axi_to_wb.elf  |tee "axi_to_wb.elf.size"
   text	   data	    bss	    dec	    hex	filename
  36988	   2236	2030288	2069512	 1f9408	axi_to_wb.elf
Finished building: axi_to_wb.elf.size
 
13:39:46 **** Incremental Build of configuration Debug for project axi_to_wb ****
make pre-build main-build 
a9-linaro-pre-build-step
 
make: Nothing to be done for 'main-build'.
13:41:36 **** Auto Build of configuration Debug for project axi_to_wb ****
make pre-build main-build 
a9-linaro-pre-build-step
 
Building file: ../src/spi_mine.c
Invoking: ARM v7 gcc compiler
arm-none-eabi-gcc -Wall -O0 -g3 -I/home/milosz/Desktop/Xilinx/Vivado/projects/AXI_TO_WISHBONE_edit_slave/sf/axi_to_wb/include -c -fmessage-length=0 -MT"src/spi_mine.o" -mcpu=cortex-a9 -mfpu=vfpv3 -mfloat-abi=hard -I../../axi_to_wb_bsp/ps7_cortexa9_0/include -MMD -MP -MF"src/spi_mine.d" -MT"src/spi_mine.o" -o "src/spi_mine.o" "../src/spi_mine.c"
../src/spi_mine.c: In function 'led_on':
../src/spi_mine.c:40:6: warning: variable 'a' set but not used [-Wunused-but-set-variable]
  u32 a;
      ^
../src/spi_mine.c: In function 'manualFreqControl':
../src/spi_mine.c:101:5: warning: implicit declaration of function 'getchar' [-Wimplicit-function-declaration]
   c=getchar();
     ^~~~~~~
Finished building: ../src/spi_mine.c
 
Building target: axi_to_wb.elf
Invoking: ARM v7 gcc linker
arm-none-eabi-gcc -mcpu=cortex-a9 -mfpu=vfpv3 -mfloat-abi=hard -Wl,-build-id=none -specs=Xilinx.spec -Wl,-T -Wl,../src/lscript.ld -L../../axi_to_wb_bsp/ps7_cortexa9_0/lib -o "axi_to_wb.elf"  ./src/axi_to_wb.o ./src/spi_ADC.o ./src/spi_general.o ./src/spi_mine.o   -Wl,--start-group,-lxil,-lgcc,-lc,--end-group
Finished building target: axi_to_wb.elf
 
Invoking: ARM v7 Print Size
arm-none-eabi-size axi_to_wb.elf  |tee "axi_to_wb.elf.size"
   text	   data	    bss	    dec	    hex	filename
  36988	   2236	2030288	2069512	 1f9408	axi_to_wb.elf
Finished building: axi_to_wb.elf.size
 
13:41:37 **** Incremental Build of configuration Debug for project axi_to_wb ****
make pre-build main-build 
a9-linaro-pre-build-step
 
make: Nothing to be done for 'main-build'.
13:43:06 **** Auto Build of configuration Debug for project axi_to_wb ****
make pre-build main-build 
a9-linaro-pre-build-step
 
Building file: ../src/spi_mine.c
Invoking: ARM v7 gcc compiler
arm-none-eabi-gcc -Wall -O0 -g3 -I/home/milosz/Desktop/Xilinx/Vivado/projects/AXI_TO_WISHBONE_edit_slave/sf/axi_to_wb/include -c -fmessage-length=0 -MT"src/spi_mine.o" -mcpu=cortex-a9 -mfpu=vfpv3 -mfloat-abi=hard -I../../axi_to_wb_bsp/ps7_cortexa9_0/include -MMD -MP -MF"src/spi_mine.d" -MT"src/spi_mine.o" -o "src/spi_mine.o" "../src/spi_mine.c"
../src/spi_mine.c: In function 'led_on':
../src/spi_mine.c:40:6: warning: variable 'a' set but not used [-Wunused-but-set-variable]
  u32 a;
      ^
../src/spi_mine.c: In function 'manualFreqControl':
../src/spi_mine.c:101:5: warning: implicit declaration of function 'getchar' [-Wimplicit-function-declaration]
   c=getchar();
     ^~~~~~~
Finished building: ../src/spi_mine.c
 
Building target: axi_to_wb.elf
Invoking: ARM v7 gcc linker
arm-none-eabi-gcc -mcpu=cortex-a9 -mfpu=vfpv3 -mfloat-abi=hard -Wl,-build-id=none -specs=Xilinx.spec -Wl,-T -Wl,../src/lscript.ld -L../../axi_to_wb_bsp/ps7_cortexa9_0/lib -o "axi_to_wb.elf"  ./src/axi_to_wb.o ./src/spi_ADC.o ./src/spi_general.o ./src/spi_mine.o   -Wl,--start-group,-lxil,-lgcc,-lc,--end-group
Finished building target: axi_to_wb.elf
 
Invoking: ARM v7 Print Size
arm-none-eabi-size axi_to_wb.elf  |tee "axi_to_wb.elf.size"
   text	   data	    bss	    dec	    hex	filename
  36988	   2236	2030288	2069512	 1f9408	axi_to_wb.elf
Finished building: axi_to_wb.elf.size
 
13:43:07 **** Incremental Build of configuration Debug for project axi_to_wb ****
make pre-build main-build 
a9-linaro-pre-build-step
 
make: Nothing to be done for 'main-build'.
13:44:42 **** Incremental Build of configuration Debug for project axi_to_wb ****
make pre-build main-build 
a9-linaro-pre-build-step
 
Building file: ../src/spi_mine.c
Invoking: ARM v7 gcc compiler
arm-none-eabi-gcc -Wall -O0 -g3 -I/home/milosz/Desktop/Xilinx/Vivado/projects/AXI_TO_WISHBONE_edit_slave/sf/axi_to_wb/include -c -fmessage-length=0 -MT"src/spi_mine.o" -mcpu=cortex-a9 -mfpu=vfpv3 -mfloat-abi=hard -I../../axi_to_wb_bsp/ps7_cortexa9_0/include -MMD -MP -MF"src/spi_mine.d" -MT"src/spi_mine.o" -o "src/spi_mine.o" "../src/spi_mine.c"
../src/spi_mine.c: In function 'led_on':
../src/spi_mine.c:40:6: warning: variable 'a' set but not used [-Wunused-but-set-variable]
  u32 a;
      ^
../src/spi_mine.c: In function 'manualFreqControl':
../src/spi_mine.c:101:5: warning: implicit declaration of function 'getchar' [-Wimplicit-function-declaration]
   c=getchar();
     ^~~~~~~
Finished building: ../src/spi_mine.c
 
Building target: axi_to_wb.elf
Invoking: ARM v7 gcc linker
arm-none-eabi-gcc -mcpu=cortex-a9 -mfpu=vfpv3 -mfloat-abi=hard -Wl,-build-id=none -specs=Xilinx.spec -Wl,-T -Wl,../src/lscript.ld -L../../axi_to_wb_bsp/ps7_cortexa9_0/lib -o "axi_to_wb.elf"  ./src/axi_to_wb.o ./src/spi_ADC.o ./src/spi_general.o ./src/spi_mine.o   -Wl,--start-group,-lxil,-lgcc,-lc,--end-group
Finished building target: axi_to_wb.elf
 
Invoking: ARM v7 Print Size
arm-none-eabi-size axi_to_wb.elf  |tee "axi_to_wb.elf.size"
   text	   data	    bss	    dec	    hex	filename
  36988	   2236	2030288	2069512	 1f9408	axi_to_wb.elf
Finished building: axi_to_wb.elf.size
 
13:46:12 **** Incremental Build of configuration Debug for project axi_to_wb ****
make pre-build main-build 
a9-linaro-pre-build-step
 
Building file: ../src/spi_mine.c
Invoking: ARM v7 gcc compiler
arm-none-eabi-gcc -Wall -O0 -g3 -I/home/milosz/Desktop/Xilinx/Vivado/projects/AXI_TO_WISHBONE_edit_slave/sf/axi_to_wb/include -c -fmessage-length=0 -MT"src/spi_mine.o" -mcpu=cortex-a9 -mfpu=vfpv3 -mfloat-abi=hard -I../../axi_to_wb_bsp/ps7_cortexa9_0/include -MMD -MP -MF"src/spi_mine.d" -MT"src/spi_mine.o" -o "src/spi_mine.o" "../src/spi_mine.c"
../src/spi_mine.c: In function 'led_on':
../src/spi_mine.c:40:6: warning: variable 'a' set but not used [-Wunused-but-set-variable]
  u32 a;
      ^
../src/spi_mine.c: In function 'manualFreqControl':
../src/spi_mine.c:101:5: warning: implicit declaration of function 'getchar' [-Wimplicit-function-declaration]
   c=getchar();
     ^~~~~~~
Finished building: ../src/spi_mine.c
 
Building target: axi_to_wb.elf
Invoking: ARM v7 gcc linker
arm-none-eabi-gcc -mcpu=cortex-a9 -mfpu=vfpv3 -mfloat-abi=hard -Wl,-build-id=none -specs=Xilinx.spec -Wl,-T -Wl,../src/lscript.ld -L../../axi_to_wb_bsp/ps7_cortexa9_0/lib -o "axi_to_wb.elf"  ./src/axi_to_wb.o ./src/spi_ADC.o ./src/spi_general.o ./src/spi_mine.o   -Wl,--start-group,-lxil,-lgcc,-lc,--end-group
Finished building target: axi_to_wb.elf
 
Invoking: ARM v7 Print Size
arm-none-eabi-size axi_to_wb.elf  |tee "axi_to_wb.elf.size"
   text	   data	    bss	    dec	    hex	filename
  36988	   2236	2030288	2069512	 1f9408	axi_to_wb.elf
Finished building: axi_to_wb.elf.size
 
13:53:41 **** Incremental Build of configuration Debug for project axi_to_wb ****
make pre-build main-build 
a9-linaro-pre-build-step
 
Building file: ../src/spi_mine.c
Invoking: ARM v7 gcc compiler
arm-none-eabi-gcc -Wall -O0 -g3 -I/home/milosz/Desktop/Xilinx/Vivado/projects/AXI_TO_WISHBONE_edit_slave/sf/axi_to_wb/include -c -fmessage-length=0 -MT"src/spi_mine.o" -mcpu=cortex-a9 -mfpu=vfpv3 -mfloat-abi=hard -I../../axi_to_wb_bsp/ps7_cortexa9_0/include -MMD -MP -MF"src/spi_mine.d" -MT"src/spi_mine.o" -o "src/spi_mine.o" "../src/spi_mine.c"
../src/spi_mine.c: In function 'led_on':
../src/spi_mine.c:40:6: warning: variable 'a' set but not used [-Wunused-but-set-variable]
  u32 a;
      ^
../src/spi_mine.c: In function 'manualFreqControl':
../src/spi_mine.c:101:5: warning: implicit declaration of function 'getchar' [-Wimplicit-function-declaration]
   c=getchar();
     ^~~~~~~
Finished building: ../src/spi_mine.c
 
Building target: axi_to_wb.elf
Invoking: ARM v7 gcc linker
arm-none-eabi-gcc -mcpu=cortex-a9 -mfpu=vfpv3 -mfloat-abi=hard -Wl,-build-id=none -specs=Xilinx.spec -Wl,-T -Wl,../src/lscript.ld -L../../axi_to_wb_bsp/ps7_cortexa9_0/lib -o "axi_to_wb.elf"  ./src/axi_to_wb.o ./src/spi_ADC.o ./src/spi_general.o ./src/spi_mine.o   -Wl,--start-group,-lxil,-lgcc,-lc,--end-group
Finished building target: axi_to_wb.elf
 
Invoking: ARM v7 Print Size
arm-none-eabi-size axi_to_wb.elf  |tee "axi_to_wb.elf.size"
   text	   data	    bss	    dec	    hex	filename
  36884	   2236	2030288	2069408	 1f93a0	axi_to_wb.elf
Finished building: axi_to_wb.elf.size
 
13:53:59 **** Incremental Build of configuration Debug for project axi_to_wb ****
make pre-build main-build 
a9-linaro-pre-build-step
 
make: Nothing to be done for 'main-build'.
15:09:30 **** Incremental Build of configuration Debug for project axi_to_wb ****
make pre-build main-build 
a9-linaro-pre-build-step
 
Building file: ../src/spi_mine.c
Invoking: ARM v7 gcc compiler
arm-none-eabi-gcc -Wall -O0 -g3 -I/home/milosz/Desktop/Xilinx/Vivado/projects/AXI_TO_WISHBONE_edit_slave/sf/axi_to_wb/include -c -fmessage-length=0 -MT"src/spi_mine.o" -mcpu=cortex-a9 -mfpu=vfpv3 -mfloat-abi=hard -I../../axi_to_wb_bsp/ps7_cortexa9_0/include -MMD -MP -MF"src/spi_mine.d" -MT"src/spi_mine.o" -o "src/spi_mine.o" "../src/spi_mine.c"
../src/spi_mine.c: In function 'led_on':
../src/spi_mine.c:40:6: warning: variable 'a' set but not used [-Wunused-but-set-variable]
  u32 a;
      ^
../src/spi_mine.c: In function 'manualFreqControl':
../src/spi_mine.c:101:5: warning: implicit declaration of function 'getchar' [-Wimplicit-function-declaration]
   c=getchar();
     ^~~~~~~
Finished building: ../src/spi_mine.c
 
Building target: axi_to_wb.elf
Invoking: ARM v7 gcc linker
arm-none-eabi-gcc -mcpu=cortex-a9 -mfpu=vfpv3 -mfloat-abi=hard -Wl,-build-id=none -specs=Xilinx.spec -Wl,-T -Wl,../src/lscript.ld -L../../axi_to_wb_bsp/ps7_cortexa9_0/lib -o "axi_to_wb.elf"  ./src/axi_to_wb.o ./src/spi_ADC.o ./src/spi_general.o ./src/spi_mine.o   -Wl,--start-group,-lxil,-lgcc,-lc,--end-group
Finished building target: axi_to_wb.elf
 
Invoking: ARM v7 Print Size
arm-none-eabi-size axi_to_wb.elf  |tee "axi_to_wb.elf.size"
   text	   data	    bss	    dec	    hex	filename
  36988	   2236	2030288	2069512	 1f9408	axi_to_wb.elf
Finished building: axi_to_wb.elf.size
 
15:10:26 **** Incremental Build of configuration Debug for project axi_to_wb ****
make pre-build main-build 
a9-linaro-pre-build-step
 
make: Nothing to be done for 'main-build'.
15:10:56 **** Auto Build of configuration Debug for project axi_to_wb ****
make pre-build main-build 
a9-linaro-pre-build-step
 
Building file: ../src/spi_mine.c
Invoking: ARM v7 gcc compiler
arm-none-eabi-gcc -Wall -O0 -g3 -I/home/milosz/Desktop/Xilinx/Vivado/projects/AXI_TO_WISHBONE_edit_slave/sf/axi_to_wb/include -c -fmessage-length=0 -MT"src/spi_mine.o" -mcpu=cortex-a9 -mfpu=vfpv3 -mfloat-abi=hard -I../../axi_to_wb_bsp/ps7_cortexa9_0/include -MMD -MP -MF"src/spi_mine.d" -MT"src/spi_mine.o" -o "src/spi_mine.o" "../src/spi_mine.c"
../src/spi_mine.c: In function 'led_on':
../src/spi_mine.c:40:6: warning: variable 'a' set but not used [-Wunused-but-set-variable]
  u32 a;
      ^
../src/spi_mine.c: In function 'manualFreqControl':
../src/spi_mine.c:101:5: warning: implicit declaration of function 'getchar' [-Wimplicit-function-declaration]
   c=getchar();
     ^~~~~~~
Finished building: ../src/spi_mine.c
 
Building target: axi_to_wb.elf
Invoking: ARM v7 gcc linker
arm-none-eabi-gcc -mcpu=cortex-a9 -mfpu=vfpv3 -mfloat-abi=hard -Wl,-build-id=none -specs=Xilinx.spec -Wl,-T -Wl,../src/lscript.ld -L../../axi_to_wb_bsp/ps7_cortexa9_0/lib -o "axi_to_wb.elf"  ./src/axi_to_wb.o ./src/spi_ADC.o ./src/spi_general.o ./src/spi_mine.o   -Wl,--start-group,-lxil,-lgcc,-lc,--end-group
Finished building target: axi_to_wb.elf
 
Invoking: ARM v7 Print Size
arm-none-eabi-size axi_to_wb.elf  |tee "axi_to_wb.elf.size"
   text	   data	    bss	    dec	    hex	filename
  36988	   2236	2030288	2069512	 1f9408	axi_to_wb.elf
Finished building: axi_to_wb.elf.size
 
15:10:57 **** Incremental Build of configuration Debug for project axi_to_wb ****
make pre-build main-build 
a9-linaro-pre-build-step
 
make: Nothing to be done for 'main-build'.
15:11:18 **** Incremental Build of configuration Debug for project axi_to_wb ****
make pre-build main-build 
a9-linaro-pre-build-step
 
Building file: ../src/spi_mine.c
Invoking: ARM v7 gcc compiler
arm-none-eabi-gcc -Wall -O0 -g3 -I/home/milosz/Desktop/Xilinx/Vivado/projects/AXI_TO_WISHBONE_edit_slave/sf/axi_to_wb/include -c -fmessage-length=0 -MT"src/spi_mine.o" -mcpu=cortex-a9 -mfpu=vfpv3 -mfloat-abi=hard -I../../axi_to_wb_bsp/ps7_cortexa9_0/include -MMD -MP -MF"src/spi_mine.d" -MT"src/spi_mine.o" -o "src/spi_mine.o" "../src/spi_mine.c"
../src/spi_mine.c: In function 'led_on':
../src/spi_mine.c:40:6: warning: variable 'a' set but not used [-Wunused-but-set-variable]
  u32 a;
      ^
../src/spi_mine.c: In function 'manualFreqControl':
../src/spi_mine.c:101:5: warning: implicit declaration of function 'getchar' [-Wimplicit-function-declaration]
   c=getchar();
     ^~~~~~~
Finished building: ../src/spi_mine.c
 
Building target: axi_to_wb.elf
Invoking: ARM v7 gcc linker
arm-none-eabi-gcc -mcpu=cortex-a9 -mfpu=vfpv3 -mfloat-abi=hard -Wl,-build-id=none -specs=Xilinx.spec -Wl,-T -Wl,../src/lscript.ld -L../../axi_to_wb_bsp/ps7_cortexa9_0/lib -o "axi_to_wb.elf"  ./src/axi_to_wb.o ./src/spi_ADC.o ./src/spi_general.o ./src/spi_mine.o   -Wl,--start-group,-lxil,-lgcc,-lc,--end-group
Finished building target: axi_to_wb.elf
 
Invoking: ARM v7 Print Size
arm-none-eabi-size axi_to_wb.elf  |tee "axi_to_wb.elf.size"
   text	   data	    bss	    dec	    hex	filename
  36988	   2236	2030288	2069512	 1f9408	axi_to_wb.elf
Finished building: axi_to_wb.elf.size
 
15:11:45 **** Incremental Build of configuration Debug for project axi_to_wb ****
make pre-build main-build 
a9-linaro-pre-build-step
 
Building file: ../src/spi_mine.c
Invoking: ARM v7 gcc compiler
arm-none-eabi-gcc -Wall -O0 -g3 -I/home/milosz/Desktop/Xilinx/Vivado/projects/AXI_TO_WISHBONE_edit_slave/sf/axi_to_wb/include -c -fmessage-length=0 -MT"src/spi_mine.o" -mcpu=cortex-a9 -mfpu=vfpv3 -mfloat-abi=hard -I../../axi_to_wb_bsp/ps7_cortexa9_0/include -MMD -MP -MF"src/spi_mine.d" -MT"src/spi_mine.o" -o "src/spi_mine.o" "../src/spi_mine.c"
../src/spi_mine.c: In function 'led_on':
../src/spi_mine.c:40:6: warning: variable 'a' set but not used [-Wunused-but-set-variable]
  u32 a;
      ^
../src/spi_mine.c: In function 'manualFreqControl':
../src/spi_mine.c:101:5: warning: implicit declaration of function 'getchar' [-Wimplicit-function-declaration]
   c=getchar();
     ^~~~~~~
Finished building: ../src/spi_mine.c
 
Building target: axi_to_wb.elf
Invoking: ARM v7 gcc linker
arm-none-eabi-gcc -mcpu=cortex-a9 -mfpu=vfpv3 -mfloat-abi=hard -Wl,-build-id=none -specs=Xilinx.spec -Wl,-T -Wl,../src/lscript.ld -L../../axi_to_wb_bsp/ps7_cortexa9_0/lib -o "axi_to_wb.elf"  ./src/axi_to_wb.o ./src/spi_ADC.o ./src/spi_general.o ./src/spi_mine.o   -Wl,--start-group,-lxil,-lgcc,-lc,--end-group
Finished building target: axi_to_wb.elf
 
Invoking: ARM v7 Print Size
arm-none-eabi-size axi_to_wb.elf  |tee "axi_to_wb.elf.size"
   text	   data	    bss	    dec	    hex	filename
  36988	   2236	2030288	2069512	 1f9408	axi_to_wb.elf
Finished building: axi_to_wb.elf.size
 
15:12:01 **** Incremental Build of configuration Debug for project axi_to_wb ****
make pre-build main-build 
a9-linaro-pre-build-step
 
Building file: ../src/spi_mine.c
Invoking: ARM v7 gcc compiler
arm-none-eabi-gcc -Wall -O0 -g3 -I/home/milosz/Desktop/Xilinx/Vivado/projects/AXI_TO_WISHBONE_edit_slave/sf/axi_to_wb/include -c -fmessage-length=0 -MT"src/spi_mine.o" -mcpu=cortex-a9 -mfpu=vfpv3 -mfloat-abi=hard -I../../axi_to_wb_bsp/ps7_cortexa9_0/include -MMD -MP -MF"src/spi_mine.d" -MT"src/spi_mine.o" -o "src/spi_mine.o" "../src/spi_mine.c"
../src/spi_mine.c: In function 'led_on':
../src/spi_mine.c:40:6: warning: variable 'a' set but not used [-Wunused-but-set-variable]
  u32 a;
      ^
../src/spi_mine.c: In function 'manualFreqControl':
../src/spi_mine.c:101:5: warning: implicit declaration of function 'getchar' [-Wimplicit-function-declaration]
   c=getchar();
     ^~~~~~~
Finished building: ../src/spi_mine.c
 
Building target: axi_to_wb.elf
Invoking: ARM v7 gcc linker
arm-none-eabi-gcc -mcpu=cortex-a9 -mfpu=vfpv3 -mfloat-abi=hard -Wl,-build-id=none -specs=Xilinx.spec -Wl,-T -Wl,../src/lscript.ld -L../../axi_to_wb_bsp/ps7_cortexa9_0/lib -o "axi_to_wb.elf"  ./src/axi_to_wb.o ./src/spi_ADC.o ./src/spi_general.o ./src/spi_mine.o   -Wl,--start-group,-lxil,-lgcc,-lc,--end-group
Finished building target: axi_to_wb.elf
 
Invoking: ARM v7 Print Size
arm-none-eabi-size axi_to_wb.elf  |tee "axi_to_wb.elf.size"
   text	   data	    bss	    dec	    hex	filename
  36988	   2236	2030288	2069512	 1f9408	axi_to_wb.elf
Finished building: axi_to_wb.elf.size
 
15:16:37 **** Clean-only build of configuration Debug for project axi_to_wb ****
make clean 
rm -rf  ./src/axi_to_wb.o ./src/spi_ADC.o ./src/spi_general.o ./src/spi_mine.o  ./src/axi_to_wb.d ./src/spi_ADC.d ./src/spi_general.d ./src/spi_mine.d  axi_to_wb.elf.size  axi_to_wb.elf
 
15:16:37 **** Clean-only build of project axi_to_wb_bsp ****
make -k clean 
make -C ps7_cortexa9_0/libsrc/qspips_v3_3/src -s clean 
make -C ps7_cortexa9_0/libsrc/dmaps_v2_3/src -s clean 
make -C ps7_cortexa9_0/libsrc/ddrps_v1_0/src -s clean 
make -C ps7_cortexa9_0/libsrc/gpiops_v3_2/src -s clean 
make -C ps7_cortexa9_0/libsrc/standalone_v6_2/src -s clean 
make -C ps7_cortexa9_0/libsrc/cpu_cortexa9_v2_4/src -s clean 
make -C ps7_cortexa9_0/libsrc/ttcps_v3_3/src -s clean 
make -C ps7_cortexa9_0/libsrc/emacps_v3_4/src -s clean 
make -C ps7_cortexa9_0/libsrc/xadcps_v2_2/src -s clean 
make -C ps7_cortexa9_0/libsrc/devcfg_v3_4/src -s clean 
make -C ps7_cortexa9_0/libsrc/sdps_v3_2/src -s clean 
make -C ps7_cortexa9_0/libsrc/iicps_v3_5/src -s clean 
make -C ps7_cortexa9_0/libsrc/scuwdt_v2_1/src -s clean 
make -C ps7_cortexa9_0/libsrc/scugic_v3_6/src -s clean 
make -C ps7_cortexa9_0/libsrc/uartps_v3_4/src -s clean 
make -C ps7_cortexa9_0/libsrc/usbps_v2_4/src -s clean 
make -C ps7_cortexa9_0/libsrc/coresightps_dcc_v1_4/src -s clean 
make -C ps7_cortexa9_0/libsrc/scutimer_v2_1/src -s clean 
rm -f ps7_cortexa9_0/lib/libxil.a
15:16:38 **** Build of project axi_to_wb_bsp ****
make -k all 
Running Make include in ps7_cortexa9_0/libsrc/qspips_v3_3/src
make -C ps7_cortexa9_0/libsrc/qspips_v3_3/src -s include  "SHELL=/bin/sh" "COMPILER=arm-none-eabi-gcc" "ARCHIVER=arm-none-eabi-ar" "COMPILER_FLAGS=  -O2 -c" "EXTRA_COMPILER_FLAGS=-mcpu=cortex-a9 -mfpu=vfpv3 -mfloat-abi=hard -nostartfiles -Wall -Wextra"
Running Make include in ps7_cortexa9_0/libsrc/dmaps_v2_3/src
make -C ps7_cortexa9_0/libsrc/dmaps_v2_3/src -s include  "SHELL=/bin/sh" "COMPILER=arm-none-eabi-gcc" "ARCHIVER=arm-none-eabi-ar" "COMPILER_FLAGS=  -O2 -c" "EXTRA_COMPILER_FLAGS=-mcpu=cortex-a9 -mfpu=vfpv3 -mfloat-abi=hard -nostartfiles -Wall -Wextra"
Running Make include in ps7_cortexa9_0/libsrc/ddrps_v1_0/src
make -C ps7_cortexa9_0/libsrc/ddrps_v1_0/src -s include  "SHELL=/bin/sh" "COMPILER=arm-none-eabi-gcc" "ARCHIVER=arm-none-eabi-ar" "COMPILER_FLAGS=  -O2 -c" "EXTRA_COMPILER_FLAGS=-mcpu=cortex-a9 -mfpu=vfpv3 -mfloat-abi=hard -nostartfiles -Wall -Wextra"
Running Make include in ps7_cortexa9_0/libsrc/gpiops_v3_2/src
make -C ps7_cortexa9_0/libsrc/gpiops_v3_2/src -s include  "SHELL=/bin/sh" "COMPILER=arm-none-eabi-gcc" "ARCHIVER=arm-none-eabi-ar" "COMPILER_FLAGS=  -O2 -c" "EXTRA_COMPILER_FLAGS=-mcpu=cortex-a9 -mfpu=vfpv3 -mfloat-abi=hard -nostartfiles -Wall -Wextra"
Running Make include in ps7_cortexa9_0/libsrc/standalone_v6_2/src
make -C ps7_cortexa9_0/libsrc/standalone_v6_2/src -s include  "SHELL=/bin/sh" "COMPILER=arm-none-eabi-gcc" "ARCHIVER=arm-none-eabi-ar" "COMPILER_FLAGS=  -O2 -c" "EXTRA_COMPILER_FLAGS=-mcpu=cortex-a9 -mfpu=vfpv3 -mfloat-abi=hard -nostartfiles -Wall -Wextra"
Running Make include in ps7_cortexa9_0/libsrc/cpu_cortexa9_v2_4/src
make -C ps7_cortexa9_0/libsrc/cpu_cortexa9_v2_4/src -s include  "SHELL=/bin/sh" "COMPILER=arm-none-eabi-gcc" "ARCHIVER=arm-none-eabi-ar" "COMPILER_FLAGS=  -O2 -c" "EXTRA_COMPILER_FLAGS=-mcpu=cortex-a9 -mfpu=vfpv3 -mfloat-abi=hard -nostartfiles -Wall -Wextra"
Running Make include in ps7_cortexa9_0/libsrc/ttcps_v3_3/src
make -C ps7_cortexa9_0/libsrc/ttcps_v3_3/src -s include  "SHELL=/bin/sh" "COMPILER=arm-none-eabi-gcc" "ARCHIVER=arm-none-eabi-ar" "COMPILER_FLAGS=  -O2 -c" "EXTRA_COMPILER_FLAGS=-mcpu=cortex-a9 -mfpu=vfpv3 -mfloat-abi=hard -nostartfiles -Wall -Wextra"
Running Make include in ps7_cortexa9_0/libsrc/emacps_v3_4/src
make -C ps7_cortexa9_0/libsrc/emacps_v3_4/src -s include  "SHELL=/bin/sh" "COMPILER=arm-none-eabi-gcc" "ARCHIVER=arm-none-eabi-ar" "COMPILER_FLAGS=  -O2 -c" "EXTRA_COMPILER_FLAGS=-mcpu=cortex-a9 -mfpu=vfpv3 -mfloat-abi=hard -nostartfiles -Wall -Wextra"
Running Make include in ps7_cortexa9_0/libsrc/xadcps_v2_2/src
make -C ps7_cortexa9_0/libsrc/xadcps_v2_2/src -s include  "SHELL=/bin/sh" "COMPILER=arm-none-eabi-gcc" "ARCHIVER=arm-none-eabi-ar" "COMPILER_FLAGS=  -O2 -c" "EXTRA_COMPILER_FLAGS=-mcpu=cortex-a9 -mfpu=vfpv3 -mfloat-abi=hard -nostartfiles -Wall -Wextra"
Running Make include in ps7_cortexa9_0/libsrc/devcfg_v3_4/src
make -C ps7_cortexa9_0/libsrc/devcfg_v3_4/src -s include  "SHELL=/bin/sh" "COMPILER=arm-none-eabi-gcc" "ARCHIVER=arm-none-eabi-ar" "COMPILER_FLAGS=  -O2 -c" "EXTRA_COMPILER_FLAGS=-mcpu=cortex-a9 -mfpu=vfpv3 -mfloat-abi=hard -nostartfiles -Wall -Wextra"
Running Make include in ps7_cortexa9_0/libsrc/sdps_v3_2/src
make -C ps7_cortexa9_0/libsrc/sdps_v3_2/src -s include  "SHELL=/bin/sh" "COMPILER=arm-none-eabi-gcc" "ARCHIVER=arm-none-eabi-ar" "COMPILER_FLAGS=  -O2 -c" "EXTRA_COMPILER_FLAGS=-mcpu=cortex-a9 -mfpu=vfpv3 -mfloat-abi=hard -nostartfiles -Wall -Wextra"
Running Make include in ps7_cortexa9_0/libsrc/iicps_v3_5/src
make -C ps7_cortexa9_0/libsrc/iicps_v3_5/src -s include  "SHELL=/bin/sh" "COMPILER=arm-none-eabi-gcc" "ARCHIVER=arm-none-eabi-ar" "COMPILER_FLAGS=  -O2 -c" "EXTRA_COMPILER_FLAGS=-mcpu=cortex-a9 -mfpu=vfpv3 -mfloat-abi=hard -nostartfiles -Wall -Wextra"
Running Make include in ps7_cortexa9_0/libsrc/scuwdt_v2_1/src
make -C ps7_cortexa9_0/libsrc/scuwdt_v2_1/src -s include  "SHELL=/bin/sh" "COMPILER=arm-none-eabi-gcc" "ARCHIVER=arm-none-eabi-ar" "COMPILER_FLAGS=  -O2 -c" "EXTRA_COMPILER_FLAGS=-mcpu=cortex-a9 -mfpu=vfpv3 -mfloat-abi=hard -nostartfiles -Wall -Wextra"
Running Make include in ps7_cortexa9_0/libsrc/scugic_v3_6/src
make -C ps7_cortexa9_0/libsrc/scugic_v3_6/src -s include  "SHELL=/bin/sh" "COMPILER=arm-none-eabi-gcc" "ARCHIVER=arm-none-eabi-ar" "COMPILER_FLAGS=  -O2 -c" "EXTRA_COMPILER_FLAGS=-mcpu=cortex-a9 -mfpu=vfpv3 -mfloat-abi=hard -nostartfiles -Wall -Wextra"
Running Make include in ps7_cortexa9_0/libsrc/uartps_v3_4/src
make -C ps7_cortexa9_0/libsrc/uartps_v3_4/src -s include  "SHELL=/bin/sh" "COMPILER=arm-none-eabi-gcc" "ARCHIVER=arm-none-eabi-ar" "COMPILER_FLAGS=  -O2 -c" "EXTRA_COMPILER_FLAGS=-mcpu=cortex-a9 -mfpu=vfpv3 -mfloat-abi=hard -nostartfiles -Wall -Wextra"
Running Make include in ps7_cortexa9_0/libsrc/usbps_v2_4/src
make -C ps7_cortexa9_0/libsrc/usbps_v2_4/src -s include  "SHELL=/bin/sh" "COMPILER=arm-none-eabi-gcc" "ARCHIVER=arm-none-eabi-ar" "COMPILER_FLAGS=  -O2 -c" "EXTRA_COMPILER_FLAGS=-mcpu=cortex-a9 -mfpu=vfpv3 -mfloat-abi=hard -nostartfiles -Wall -Wextra"
Running Make include in ps7_cortexa9_0/libsrc/coresightps_dcc_v1_4/src
make -C ps7_cortexa9_0/libsrc/coresightps_dcc_v1_4/src -s include  "SHELL=/bin/sh" "COMPILER=arm-none-eabi-gcc" "ARCHIVER=arm-none-eabi-ar" "COMPILER_FLAGS=  -O2 -c" "EXTRA_COMPILER_FLAGS=-mcpu=cortex-a9 -mfpu=vfpv3 -mfloat-abi=hard -nostartfiles -Wall -Wextra"
Running Make include in ps7_cortexa9_0/libsrc/scutimer_v2_1/src
make -C ps7_cortexa9_0/libsrc/scutimer_v2_1/src -s include  "SHELL=/bin/sh" "COMPILER=arm-none-eabi-gcc" "ARCHIVER=arm-none-eabi-ar" "COMPILER_FLAGS=  -O2 -c" "EXTRA_COMPILER_FLAGS=-mcpu=cortex-a9 -mfpu=vfpv3 -mfloat-abi=hard -nostartfiles -Wall -Wextra"
Running Make libs in ps7_cortexa9_0/libsrc/qspips_v3_3/src
make -C ps7_cortexa9_0/libsrc/qspips_v3_3/src -s libs  "SHELL=/bin/sh" "COMPILER=arm-none-eabi-gcc" "ARCHIVER=arm-none-eabi-ar" "COMPILER_FLAGS=  -O2 -c" "EXTRA_COMPILER_FLAGS=-mcpu=cortex-a9 -mfpu=vfpv3 -mfloat-abi=hard -nostartfiles -Wall -Wextra"
Compiling qspips
arm-none-eabi-ar: creating ../../../lib/libxil.a
Running Make libs in ps7_cortexa9_0/libsrc/dmaps_v2_3/src
make -C ps7_cortexa9_0/libsrc/dmaps_v2_3/src -s libs  "SHELL=/bin/sh" "COMPILER=arm-none-eabi-gcc" "ARCHIVER=arm-none-eabi-ar" "COMPILER_FLAGS=  -O2 -c" "EXTRA_COMPILER_FLAGS=-mcpu=cortex-a9 -mfpu=vfpv3 -mfloat-abi=hard -nostartfiles -Wall -Wextra"
Compiling dmaps
Running Make libs in ps7_cortexa9_0/libsrc/ddrps_v1_0/src
make -C ps7_cortexa9_0/libsrc/ddrps_v1_0/src -s libs  "SHELL=/bin/sh" "COMPILER=arm-none-eabi-gcc" "ARCHIVER=arm-none-eabi-ar" "COMPILER_FLAGS=  -O2 -c" "EXTRA_COMPILER_FLAGS=-mcpu=cortex-a9 -mfpu=vfpv3 -mfloat-abi=hard -nostartfiles -Wall -Wextra"
Compiling ddrps
Running Make libs in ps7_cortexa9_0/libsrc/gpiops_v3_2/src
make -C ps7_cortexa9_0/libsrc/gpiops_v3_2/src -s libs  "SHELL=/bin/sh" "COMPILER=arm-none-eabi-gcc" "ARCHIVER=arm-none-eabi-ar" "COMPILER_FLAGS=  -O2 -c" "EXTRA_COMPILER_FLAGS=-mcpu=cortex-a9 -mfpu=vfpv3 -mfloat-abi=hard -nostartfiles -Wall -Wextra"
Compiling gpiops
Running Make libs in ps7_cortexa9_0/libsrc/standalone_v6_2/src
make -C ps7_cortexa9_0/libsrc/standalone_v6_2/src -s libs  "SHELL=/bin/sh" "COMPILER=arm-none-eabi-gcc" "ARCHIVER=arm-none-eabi-ar" "COMPILER_FLAGS=  -O2 -c" "EXTRA_COMPILER_FLAGS=-mcpu=cortex-a9 -mfpu=vfpv3 -mfloat-abi=hard -nostartfiles -Wall -Wextra"
Compiling standalone
Running Make libs in ps7_cortexa9_0/libsrc/cpu_cortexa9_v2_4/src
make -C ps7_cortexa9_0/libsrc/cpu_cortexa9_v2_4/src -s libs  "SHELL=/bin/sh" "COMPILER=arm-none-eabi-gcc" "ARCHIVER=arm-none-eabi-ar" "COMPILER_FLAGS=  -O2 -c" "EXTRA_COMPILER_FLAGS=-mcpu=cortex-a9 -mfpu=vfpv3 -mfloat-abi=hard -nostartfiles -Wall -Wextra"
Compiling cpu_cortexa9
Running Make libs in ps7_cortexa9_0/libsrc/ttcps_v3_3/src
make -C ps7_cortexa9_0/libsrc/ttcps_v3_3/src -s libs  "SHELL=/bin/sh" "COMPILER=arm-none-eabi-gcc" "ARCHIVER=arm-none-eabi-ar" "COMPILER_FLAGS=  -O2 -c" "EXTRA_COMPILER_FLAGS=-mcpu=cortex-a9 -mfpu=vfpv3 -mfloat-abi=hard -nostartfiles -Wall -Wextra"
Compiling ttcps
Running Make libs in ps7_cortexa9_0/libsrc/emacps_v3_4/src
make -C ps7_cortexa9_0/libsrc/emacps_v3_4/src -s libs  "SHELL=/bin/sh" "COMPILER=arm-none-eabi-gcc" "ARCHIVER=arm-none-eabi-ar" "COMPILER_FLAGS=  -O2 -c" "EXTRA_COMPILER_FLAGS=-mcpu=cortex-a9 -mfpu=vfpv3 -mfloat-abi=hard -nostartfiles -Wall -Wextra"
Compiling emacps
Running Make libs in ps7_cortexa9_0/libsrc/xadcps_v2_2/src
make -C ps7_cortexa9_0/libsrc/xadcps_v2_2/src -s libs  "SHELL=/bin/sh" "COMPILER=arm-none-eabi-gcc" "ARCHIVER=arm-none-eabi-ar" "COMPILER_FLAGS=  -O2 -c" "EXTRA_COMPILER_FLAGS=-mcpu=cortex-a9 -mfpu=vfpv3 -mfloat-abi=hard -nostartfiles -Wall -Wextra"
Compiling xadcps
Running Make libs in ps7_cortexa9_0/libsrc/devcfg_v3_4/src
make -C ps7_cortexa9_0/libsrc/devcfg_v3_4/src -s libs  "SHELL=/bin/sh" "COMPILER=arm-none-eabi-gcc" "ARCHIVER=arm-none-eabi-ar" "COMPILER_FLAGS=  -O2 -c" "EXTRA_COMPILER_FLAGS=-mcpu=cortex-a9 -mfpu=vfpv3 -mfloat-abi=hard -nostartfiles -Wall -Wextra"
Compiling devcfg
Running Make libs in ps7_cortexa9_0/libsrc/sdps_v3_2/src
make -C ps7_cortexa9_0/libsrc/sdps_v3_2/src -s libs  "SHELL=/bin/sh" "COMPILER=arm-none-eabi-gcc" "ARCHIVER=arm-none-eabi-ar" "COMPILER_FLAGS=  -O2 -c" "EXTRA_COMPILER_FLAGS=-mcpu=cortex-a9 -mfpu=vfpv3 -mfloat-abi=hard -nostartfiles -Wall -Wextra"
Compiling sdps
Running Make libs in ps7_cortexa9_0/libsrc/iicps_v3_5/src
make -C ps7_cortexa9_0/libsrc/iicps_v3_5/src -s libs  "SHELL=/bin/sh" "COMPILER=arm-none-eabi-gcc" "ARCHIVER=arm-none-eabi-ar" "COMPILER_FLAGS=  -O2 -c" "EXTRA_COMPILER_FLAGS=-mcpu=cortex-a9 -mfpu=vfpv3 -mfloat-abi=hard -nostartfiles -Wall -Wextra"
Compiling iicps
Running Make libs in ps7_cortexa9_0/libsrc/scuwdt_v2_1/src
make -C ps7_cortexa9_0/libsrc/scuwdt_v2_1/src -s libs  "SHELL=/bin/sh" "COMPILER=arm-none-eabi-gcc" "ARCHIVER=arm-none-eabi-ar" "COMPILER_FLAGS=  -O2 -c" "EXTRA_COMPILER_FLAGS=-mcpu=cortex-a9 -mfpu=vfpv3 -mfloat-abi=hard -nostartfiles -Wall -Wextra"
Compiling scuwdt
Running Make libs in ps7_cortexa9_0/libsrc/scugic_v3_6/src
make -C ps7_cortexa9_0/libsrc/scugic_v3_6/src -s libs  "SHELL=/bin/sh" "COMPILER=arm-none-eabi-gcc" "ARCHIVER=arm-none-eabi-ar" "COMPILER_FLAGS=  -O2 -c" "EXTRA_COMPILER_FLAGS=-mcpu=cortex-a9 -mfpu=vfpv3 -mfloat-abi=hard -nostartfiles -Wall -Wextra"
Compiling scugic
xscugic_g.c:53:2: warning: missing initializer for field 'HandlerTable' of 'XScuGic_Config {aka struct <anonymous>}' [-Wmissing-field-initializers]
  }
  ^
In file included from xscugic_g.c:41:0:
xscugic.h:217:27: note: 'HandlerTable' declared here
  XScuGic_VectorTableEntry HandlerTable[XSCUGIC_MAX_NUM_INTR_INPUTS];/**<
                           ^~~~~~~~~~~~
Running Make libs in ps7_cortexa9_0/libsrc/uartps_v3_4/src
make -C ps7_cortexa9_0/libsrc/uartps_v3_4/src -s libs  "SHELL=/bin/sh" "COMPILER=arm-none-eabi-gcc" "ARCHIVER=arm-none-eabi-ar" "COMPILER_FLAGS=  -O2 -c" "EXTRA_COMPILER_FLAGS=-mcpu=cortex-a9 -mfpu=vfpv3 -mfloat-abi=hard -nostartfiles -Wall -Wextra"
Compiling uartps
Running Make libs in ps7_cortexa9_0/libsrc/usbps_v2_4/src
make -C ps7_cortexa9_0/libsrc/usbps_v2_4/src -s libs  "SHELL=/bin/sh" "COMPILER=arm-none-eabi-gcc" "ARCHIVER=arm-none-eabi-ar" "COMPILER_FLAGS=  -O2 -c" "EXTRA_COMPILER_FLAGS=-mcpu=cortex-a9 -mfpu=vfpv3 -mfloat-abi=hard -nostartfiles -Wall -Wextra"
Compiling usbps
Running Make libs in ps7_cortexa9_0/libsrc/coresightps_dcc_v1_4/src
make -C ps7_cortexa9_0/libsrc/coresightps_dcc_v1_4/src -s libs  "SHELL=/bin/sh" "COMPILER=arm-none-eabi-gcc" "ARCHIVER=arm-none-eabi-ar" "COMPILER_FLAGS=  -O2 -c" "EXTRA_COMPILER_FLAGS=-mcpu=cortex-a9 -mfpu=vfpv3 -mfloat-abi=hard -nostartfiles -Wall -Wextra"
Compiling coresightps_dcc
Running Make libs in ps7_cortexa9_0/libsrc/scutimer_v2_1/src
make -C ps7_cortexa9_0/libsrc/scutimer_v2_1/src -s libs  "SHELL=/bin/sh" "COMPILER=arm-none-eabi-gcc" "ARCHIVER=arm-none-eabi-ar" "COMPILER_FLAGS=  -O2 -c" "EXTRA_COMPILER_FLAGS=-mcpu=cortex-a9 -mfpu=vfpv3 -mfloat-abi=hard -nostartfiles -Wall -Wextra"
Compiling scutimer
Finished building libraries
15:16:45 **** Build of configuration Debug for project axi_to_wb ****
make pre-build main-build 
a9-linaro-pre-build-step
 
Building file: ../src/axi_to_wb.c
Invoking: ARM v7 gcc compiler
arm-none-eabi-gcc -Wall -O0 -g3 -I/home/milosz/Desktop/Xilinx/Vivado/projects/AXI_TO_WISHBONE_edit_slave/sf/axi_to_wb/include -c -fmessage-length=0 -MT"src/axi_to_wb.o" -mcpu=cortex-a9 -mfpu=vfpv3 -mfloat-abi=hard -I../../axi_to_wb_bsp/ps7_cortexa9_0/include -MMD -MP -MF"src/axi_to_wb.d" -MT"src/axi_to_wb.o" -o "src/axi_to_wb.o" "../src/axi_to_wb.c"
Finished building: ../src/axi_to_wb.c
 
Building file: ../src/spi_ADC.c
Invoking: ARM v7 gcc compiler
arm-none-eabi-gcc -Wall -O0 -g3 -I/home/milosz/Desktop/Xilinx/Vivado/projects/AXI_TO_WISHBONE_edit_slave/sf/axi_to_wb/include -c -fmessage-length=0 -MT"src/spi_ADC.o" -mcpu=cortex-a9 -mfpu=vfpv3 -mfloat-abi=hard -I../../axi_to_wb_bsp/ps7_cortexa9_0/include -MMD -MP -MF"src/spi_ADC.d" -MT"src/spi_ADC.o" -o "src/spi_ADC.o" "../src/spi_ADC.c"
Finished building: ../src/spi_ADC.c
 
Building file: ../src/spi_general.c
Invoking: ARM v7 gcc compiler
arm-none-eabi-gcc -Wall -O0 -g3 -I/home/milosz/Desktop/Xilinx/Vivado/projects/AXI_TO_WISHBONE_edit_slave/sf/axi_to_wb/include -c -fmessage-length=0 -MT"src/spi_general.o" -mcpu=cortex-a9 -mfpu=vfpv3 -mfloat-abi=hard -I../../axi_to_wb_bsp/ps7_cortexa9_0/include -MMD -MP -MF"src/spi_general.d" -MT"src/spi_general.o" -o "src/spi_general.o" "../src/spi_general.c"
../src/spi_general.c: In function 'spi_send_data':
../src/spi_general.c:256:5: warning: unused variable 'data_read' [-Wunused-variable]
  u8 data_read[3];
     ^~~~~~~~~
../src/spi_general.c:255:5: warning: unused variable 'data_pointer' [-Wunused-variable]
  u8 data_pointer[1] = {data};
     ^~~~~~~~~~~~
../src/spi_general.c: In function 'spi_read_data':
../src/spi_general.c:265:5: warning: unused variable 'data_pointer' [-Wunused-variable]
  u8 data_pointer[1] = {data};
     ^~~~~~~~~~~~
Finished building: ../src/spi_general.c
 
[...]
make: *** [src/spi_mine.o] Error 1
17:08:07 **** Auto Build of configuration Debug for project axi_to_wb ****
make pre-build main-build 
a9-linaro-pre-build-step
 
Building file: ../src/spi_mine.c
Invoking: ARM v7 gcc compiler
arm-none-eabi-gcc -Wall -O0 -g3 -I/home/milosz/Desktop/Xilinx/Vivado/projects/AXI_TO_WISHBONE_edit_slave/sf/axi_to_wb/include -c -fmessage-length=0 -MT"src/spi_mine.o" -mcpu=cortex-a9 -mfpu=vfpv3 -mfloat-abi=hard -I../../axi_to_wb_bsp/ps7_cortexa9_0/include -MMD -MP -MF"src/spi_mine.d" -MT"src/spi_mine.o" -o "src/spi_mine.o" "../src/spi_mine.c"
../src/spi_mine.c: In function 'led_on':
../src/spi_mine.c:40:6: warning: variable 'a' set but not used [-Wunused-but-set-variable]
  u32 a;
      ^
../src/spi_mine.c: In function 'manualFreqControl':
../src/spi_mine.c:101:5: warning: implicit declaration of function 'getchar' [-Wimplicit-function-declaration]
   c=getchar();
     ^~~~~~~
../src/spi_mine.c: In function 'frequencyAccumulator':
../src/spi_mine.c:226:26: warning: unused variable 'b' [-Wunused-variable]
  static double a=5.3e-5, b=0.0483;
                          ^
../src/spi_mine.c:226:16: warning: unused variable 'a' [-Wunused-variable]
  static double a=5.3e-5, b=0.0483;
                ^
../src/spi_mine.c:224:21: warning: unused variable 'err_pr' [-Wunused-variable]
  static double err, err_pr;
                     ^~~~~~
At top level:
../src/spi_mine.c:224:21: warning: 'err_pr' defined but not used [-Wunused-variable]
../src/spi_mine.c:226:16: warning: 'a' defined but not used [-Wunused-variable]
  static double a=5.3e-5, b=0.0483;
                ^
../src/spi_mine.c:226:26: warning: 'b' defined but not used [-Wunused-variable]
  static double a=5.3e-5, b=0.0483;
                          ^
Finished building: ../src/spi_mine.c
 
Building target: axi_to_wb.elf
Invoking: ARM v7 gcc linker
arm-none-eabi-gcc -mcpu=cortex-a9 -mfpu=vfpv3 -mfloat-abi=hard -Wl,-build-id=none -specs=Xilinx.spec -Wl,-T -Wl,../src/lscript.ld -L../../axi_to_wb_bsp/ps7_cortexa9_0/lib -o "axi_to_wb.elf"  ./src/axi_to_wb.o ./src/spi_ADC.o ./src/spi_general.o ./src/spi_mine.o   -Wl,--start-group,-lxil,-lgcc,-lc,--end-group
Finished building target: axi_to_wb.elf
 
Invoking: ARM v7 Print Size
arm-none-eabi-size axi_to_wb.elf  |tee "axi_to_wb.elf.size"
   text	   data	    bss	    dec	    hex	filename
  37052	   2228	2030288	2069568	 1f9440	axi_to_wb.elf
Finished building: axi_to_wb.elf.size
 
17:08:08 **** Incremental Build of configuration Debug for project axi_to_wb ****
make pre-build main-build 
a9-linaro-pre-build-step
 
make: Nothing to be done for 'main-build'.
17:09:15 **** Auto Build of configuration Debug for project axi_to_wb ****
make pre-build main-build 
a9-linaro-pre-build-step
 
Building file: ../src/spi_mine.c
Invoking: ARM v7 gcc compiler
arm-none-eabi-gcc -Wall -O0 -g3 -I/home/milosz/Desktop/Xilinx/Vivado/projects/AXI_TO_WISHBONE_edit_slave/sf/axi_to_wb/include -c -fmessage-length=0 -MT"src/spi_mine.o" -mcpu=cortex-a9 -mfpu=vfpv3 -mfloat-abi=hard -I../../axi_to_wb_bsp/ps7_cortexa9_0/include -MMD -MP -MF"src/spi_mine.d" -MT"src/spi_mine.o" -o "src/spi_mine.o" "../src/spi_mine.c"
../src/spi_mine.c: In function 'led_on':
../src/spi_mine.c:40:6: warning: variable 'a' set but not used [-Wunused-but-set-variable]
  u32 a;
      ^
../src/spi_mine.c: In function 'manualFreqControl':
../src/spi_mine.c:101:5: warning: implicit declaration of function 'getchar' [-Wimplicit-function-declaration]
   c=getchar();
     ^~~~~~~
../src/spi_mine.c: In function 'frequencyAccumulator':
../src/spi_mine.c:226:26: warning: unused variable 'b' [-Wunused-variable]
  static double a=5.3e-5, b=0.0483;
                          ^
../src/spi_mine.c:226:16: warning: unused variable 'a' [-Wunused-variable]
  static double a=5.3e-5, b=0.0483;
                ^
../src/spi_mine.c:224:21: warning: unused variable 'err_pr' [-Wunused-variable]
  static double err, err_pr;
                     ^~~~~~
At top level:
../src/spi_mine.c:224:21: warning: 'err_pr' defined but not used [-Wunused-variable]
../src/spi_mine.c:226:16: warning: 'a' defined but not used [-Wunused-variable]
  static double a=5.3e-5, b=0.0483;
                ^
../src/spi_mine.c:226:26: warning: 'b' defined but not used [-Wunused-variable]
  static double a=5.3e-5, b=0.0483;
                          ^
Finished building: ../src/spi_mine.c
 
Building target: axi_to_wb.elf
Invoking: ARM v7 gcc linker
arm-none-eabi-gcc -mcpu=cortex-a9 -mfpu=vfpv3 -mfloat-abi=hard -Wl,-build-id=none -specs=Xilinx.spec -Wl,-T -Wl,../src/lscript.ld -L../../axi_to_wb_bsp/ps7_cortexa9_0/lib -o "axi_to_wb.elf"  ./src/axi_to_wb.o ./src/spi_ADC.o ./src/spi_general.o ./src/spi_mine.o   -Wl,--start-group,-lxil,-lgcc,-lc,--end-group
Finished building target: axi_to_wb.elf
 
Invoking: ARM v7 Print Size
arm-none-eabi-size axi_to_wb.elf  |tee "axi_to_wb.elf.size"
   text	   data	    bss	    dec	    hex	filename
  37116	   2228	2030288	2069632	 1f9480	axi_to_wb.elf
Finished building: axi_to_wb.elf.size
 
17:09:16 **** Incremental Build of configuration Debug for project axi_to_wb ****
make pre-build main-build 
a9-linaro-pre-build-step
 
make: Nothing to be done for 'main-build'.
17:09:33 **** Incremental Build of configuration Debug for project axi_to_wb ****
make pre-build main-build 
a9-linaro-pre-build-step
 
Building file: ../src/spi_mine.c
Invoking: ARM v7 gcc compiler
arm-none-eabi-gcc -Wall -O0 -g3 -I/home/milosz/Desktop/Xilinx/Vivado/projects/AXI_TO_WISHBONE_edit_slave/sf/axi_to_wb/include -c -fmessage-length=0 -MT"src/spi_mine.o" -mcpu=cortex-a9 -mfpu=vfpv3 -mfloat-abi=hard -I../../axi_to_wb_bsp/ps7_cortexa9_0/include -MMD -MP -MF"src/spi_mine.d" -MT"src/spi_mine.o" -o "src/spi_mine.o" "../src/spi_mine.c"
../src/spi_mine.c: In function 'led_on':
../src/spi_mine.c:40:6: warning: variable 'a' set but not used [-Wunused-but-set-variable]
  u32 a;
      ^
../src/spi_mine.c: In function 'manualFreqControl':
../src/spi_mine.c:101:5: warning: implicit declaration of function 'getchar' [-Wimplicit-function-declaration]
   c=getchar();
     ^~~~~~~
../src/spi_mine.c: In function 'frequencyAccumulator':
../src/spi_mine.c:226:26: warning: unused variable 'b' [-Wunused-variable]
  static double a=5.3e-5, b=0.0483;
                          ^
../src/spi_mine.c:226:16: warning: unused variable 'a' [-Wunused-variable]
  static double a=5.3e-5, b=0.0483;
                ^
../src/spi_mine.c:224:21: warning: unused variable 'err_pr' [-Wunused-variable]
  static double err, err_pr;
                     ^~~~~~
At top level:
../src/spi_mine.c:224:21: warning: 'err_pr' defined but not used [-Wunused-variable]
../src/spi_mine.c:226:16: warning: 'a' defined but not used [-Wunused-variable]
  static double a=5.3e-5, b=0.0483;
                ^
../src/spi_mine.c:226:26: warning: 'b' defined but not used [-Wunused-variable]
  static double a=5.3e-5, b=0.0483;
                          ^
Finished building: ../src/spi_mine.c
 
Building target: axi_to_wb.elf
Invoking: ARM v7 gcc linker
arm-none-eabi-gcc -mcpu=cortex-a9 -mfpu=vfpv3 -mfloat-abi=hard -Wl,-build-id=none -specs=Xilinx.spec -Wl,-T -Wl,../src/lscript.ld -L../../axi_to_wb_bsp/ps7_cortexa9_0/lib -o "axi_to_wb.elf"  ./src/axi_to_wb.o ./src/spi_ADC.o ./src/spi_general.o ./src/spi_mine.o   -Wl,--start-group,-lxil,-lgcc,-lc,--end-group
Finished building target: axi_to_wb.elf
 
Invoking: ARM v7 Print Size
arm-none-eabi-size axi_to_wb.elf  |tee "axi_to_wb.elf.size"
   text	   data	    bss	    dec	    hex	filename
  37052	   2228	2030288	2069568	 1f9440	axi_to_wb.elf
Finished building: axi_to_wb.elf.size
 
17:10:20 **** Incremental Build of configuration Debug for project axi_to_wb ****
make pre-build main-build 
a9-linaro-pre-build-step
 
Building file: ../src/spi_mine.c
Invoking: ARM v7 gcc compiler
arm-none-eabi-gcc -Wall -O0 -g3 -I/home/milosz/Desktop/Xilinx/Vivado/projects/AXI_TO_WISHBONE_edit_slave/sf/axi_to_wb/include -c -fmessage-length=0 -MT"src/spi_mine.o" -mcpu=cortex-a9 -mfpu=vfpv3 -mfloat-abi=hard -I../../axi_to_wb_bsp/ps7_cortexa9_0/include -MMD -MP -MF"src/spi_mine.d" -MT"src/spi_mine.o" -o "src/spi_mine.o" "../src/spi_mine.c"
../src/spi_mine.c: In function 'led_on':
../src/spi_mine.c:40:6: warning: variable 'a' set but not used [-Wunused-but-set-variable]
  u32 a;
      ^
../src/spi_mine.c: In function 'manualFreqControl':
../src/spi_mine.c:101:5: warning: implicit declaration of function 'getchar' [-Wimplicit-function-declaration]
   c=getchar();
     ^~~~~~~
../src/spi_mine.c: In function 'frequencyAccumulator':
../src/spi_mine.c:226:26: warning: unused variable 'b' [-Wunused-variable]
  static double a=5.3e-5, b=0.0483;
                          ^
../src/spi_mine.c:226:16: warning: unused variable 'a' [-Wunused-variable]
  static double a=5.3e-5, b=0.0483;
                ^
../src/spi_mine.c:224:21: warning: unused variable 'err_pr' [-Wunused-variable]
  static double err, err_pr;
                     ^~~~~~
At top level:
../src/spi_mine.c:224:21: warning: 'err_pr' defined but not used [-Wunused-variable]
../src/spi_mine.c:226:16: warning: 'a' defined but not used [-Wunused-variable]
  static double a=5.3e-5, b=0.0483;
                ^
../src/spi_mine.c:226:26: warning: 'b' defined but not used [-Wunused-variable]
  static double a=5.3e-5, b=0.0483;
                          ^
Finished building: ../src/spi_mine.c
 
Building target: axi_to_wb.elf
Invoking: ARM v7 gcc linker
arm-none-eabi-gcc -mcpu=cortex-a9 -mfpu=vfpv3 -mfloat-abi=hard -Wl,-build-id=none -specs=Xilinx.spec -Wl,-T -Wl,../src/lscript.ld -L../../axi_to_wb_bsp/ps7_cortexa9_0/lib -o "axi_to_wb.elf"  ./src/axi_to_wb.o ./src/spi_ADC.o ./src/spi_general.o ./src/spi_mine.o   -Wl,--start-group,-lxil,-lgcc,-lc,--end-group
Finished building target: axi_to_wb.elf
 
Invoking: ARM v7 Print Size
arm-none-eabi-size axi_to_wb.elf  |tee "axi_to_wb.elf.size"
   text	   data	    bss	    dec	    hex	filename
  37052	   2228	2030288	2069568	 1f9440	axi_to_wb.elf
Finished building: axi_to_wb.elf.size
 
17:12:10 **** Incremental Build of configuration Debug for project axi_to_wb ****
make pre-build main-build 
a9-linaro-pre-build-step
 
Building file: ../src/spi_mine.c
Invoking: ARM v7 gcc compiler
arm-none-eabi-gcc -Wall -O0 -g3 -I/home/milosz/Desktop/Xilinx/Vivado/projects/AXI_TO_WISHBONE_edit_slave/sf/axi_to_wb/include -c -fmessage-length=0 -MT"src/spi_mine.o" -mcpu=cortex-a9 -mfpu=vfpv3 -mfloat-abi=hard -I../../axi_to_wb_bsp/ps7_cortexa9_0/include -MMD -MP -MF"src/spi_mine.d" -MT"src/spi_mine.o" -o "src/spi_mine.o" "../src/spi_mine.c"
../src/spi_mine.c: In function 'led_on':
../src/spi_mine.c:40:6: warning: variable 'a' set but not used [-Wunused-but-set-variable]
  u32 a;
      ^
../src/spi_mine.c: In function 'manualFreqControl':
../src/spi_mine.c:101:5: warning: implicit declaration of function 'getchar' [-Wimplicit-function-declaration]
   c=getchar();
     ^~~~~~~
../src/spi_mine.c: In function 'frequencyAccumulator':
../src/spi_mine.c:226:26: warning: unused variable 'b' [-Wunused-variable]
  static double a=5.3e-5, b=0.0483;
                          ^
../src/spi_mine.c:226:16: warning: unused variable 'a' [-Wunused-variable]
  static double a=5.3e-5, b=0.0483;
                ^
../src/spi_mine.c:224:21: warning: unused variable 'err_pr' [-Wunused-variable]
  static double err, err_pr;
                     ^~~~~~
At top level:
../src/spi_mine.c:224:21: warning: 'err_pr' defined but not used [-Wunused-variable]
../src/spi_mine.c:226:16: warning: 'a' defined but not used [-Wunused-variable]
  static double a=5.3e-5, b=0.0483;
                ^
../src/spi_mine.c:226:26: warning: 'b' defined but not used [-Wunused-variable]
  static double a=5.3e-5, b=0.0483;
                          ^
Finished building: ../src/spi_mine.c
 
Building target: axi_to_wb.elf
Invoking: ARM v7 gcc linker
arm-none-eabi-gcc -mcpu=cortex-a9 -mfpu=vfpv3 -mfloat-abi=hard -Wl,-build-id=none -specs=Xilinx.spec -Wl,-T -Wl,../src/lscript.ld -L../../axi_to_wb_bsp/ps7_cortexa9_0/lib -o "axi_to_wb.elf"  ./src/axi_to_wb.o ./src/spi_ADC.o ./src/spi_general.o ./src/spi_mine.o   -Wl,--start-group,-lxil,-lgcc,-lc,--end-group
Finished building target: axi_to_wb.elf
 
Invoking: ARM v7 Print Size
arm-none-eabi-size axi_to_wb.elf  |tee "axi_to_wb.elf.size"
   text	   data	    bss	    dec	    hex	filename
  37140	   2228	2030288	2069656	 1f9498	axi_to_wb.elf
Finished building: axi_to_wb.elf.size
 
17:13:01 **** Incremental Build of configuration Debug for project axi_to_wb ****
make pre-build main-build 
a9-linaro-pre-build-step
 
Building file: ../src/spi_mine.c
Invoking: ARM v7 gcc compiler
arm-none-eabi-gcc -Wall -O0 -g3 -I/home/milosz/Desktop/Xilinx/Vivado/projects/AXI_TO_WISHBONE_edit_slave/sf/axi_to_wb/include -c -fmessage-length=0 -MT"src/spi_mine.o" -mcpu=cortex-a9 -mfpu=vfpv3 -mfloat-abi=hard -I../../axi_to_wb_bsp/ps7_cortexa9_0/include -MMD -MP -MF"src/spi_mine.d" -MT"src/spi_mine.o" -o "src/spi_mine.o" "../src/spi_mine.c"
../src/spi_mine.c: In function 'led_on':
../src/spi_mine.c:40:6: warning: variable 'a' set but not used [-Wunused-but-set-variable]
  u32 a;
      ^
../src/spi_mine.c: In function 'manualFreqControl':
../src/spi_mine.c:101:5: warning: implicit declaration of function 'getchar' [-Wimplicit-function-declaration]
   c=getchar();
     ^~~~~~~
../src/spi_mine.c: In function 'frequencyAccumulator':
../src/spi_mine.c:226:26: warning: unused variable 'b' [-Wunused-variable]
  static double a=5.3e-5, b=0.0483;
                          ^
../src/spi_mine.c:226:16: warning: unused variable 'a' [-Wunused-variable]
  static double a=5.3e-5, b=0.0483;
                ^
../src/spi_mine.c:224:21: warning: unused variable 'err_pr' [-Wunused-variable]
  static double err, err_pr;
                     ^~~~~~
At top level:
../src/spi_mine.c:224:21: warning: 'err_pr' defined but not used [-Wunused-variable]
../src/spi_mine.c:226:16: warning: 'a' defined but not used [-Wunused-variable]
  static double a=5.3e-5, b=0.0483;
                ^
../src/spi_mine.c:226:26: warning: 'b' defined but not used [-Wunused-variable]
  static double a=5.3e-5, b=0.0483;
                          ^
Finished building: ../src/spi_mine.c
 
Building target: axi_to_wb.elf
Invoking: ARM v7 gcc linker
arm-none-eabi-gcc -mcpu=cortex-a9 -mfpu=vfpv3 -mfloat-abi=hard -Wl,-build-id=none -specs=Xilinx.spec -Wl,-T -Wl,../src/lscript.ld -L../../axi_to_wb_bsp/ps7_cortexa9_0/lib -o "axi_to_wb.elf"  ./src/axi_to_wb.o ./src/spi_ADC.o ./src/spi_general.o ./src/spi_mine.o   -Wl,--start-group,-lxil,-lgcc,-lc,--end-group
Finished building target: axi_to_wb.elf
 
Invoking: ARM v7 Print Size
arm-none-eabi-size axi_to_wb.elf  |tee "axi_to_wb.elf.size"
   text	   data	    bss	    dec	    hex	filename
  37140	   2228	2030288	2069656	 1f9498	axi_to_wb.elf
Finished building: axi_to_wb.elf.size
 
17:15:05 **** Incremental Build of configuration Debug for project axi_to_wb ****
make pre-build main-build 
a9-linaro-pre-build-step
 
Building file: ../src/spi_mine.c
Invoking: ARM v7 gcc compiler
arm-none-eabi-gcc -Wall -O0 -g3 -I/home/milosz/Desktop/Xilinx/Vivado/projects/AXI_TO_WISHBONE_edit_slave/sf/axi_to_wb/include -c -fmessage-length=0 -MT"src/spi_mine.o" -mcpu=cortex-a9 -mfpu=vfpv3 -mfloat-abi=hard -I../../axi_to_wb_bsp/ps7_cortexa9_0/include -MMD -MP -MF"src/spi_mine.d" -MT"src/spi_mine.o" -o "src/spi_mine.o" "../src/spi_mine.c"
../src/spi_mine.c: In function 'led_on':
../src/spi_mine.c:40:6: warning: variable 'a' set but not used [-Wunused-but-set-variable]
  u32 a;
      ^
../src/spi_mine.c: In function 'manualFreqControl':
../src/spi_mine.c:101:5: warning: implicit declaration of function 'getchar' [-Wimplicit-function-declaration]
   c=getchar();
     ^~~~~~~
../src/spi_mine.c: In function 'frequencyAccumulator':
../src/spi_mine.c:226:26: warning: unused variable 'b' [-Wunused-variable]
  static double a=5.3e-5, b=0.0483;
                          ^
../src/spi_mine.c:226:16: warning: unused variable 'a' [-Wunused-variable]
  static double a=5.3e-5, b=0.0483;
                ^
../src/spi_mine.c:224:21: warning: unused variable 'err_pr' [-Wunused-variable]
  static double err, err_pr;
                     ^~~~~~
At top level:
../src/spi_mine.c:224:21: warning: 'err_pr' defined but not used [-Wunused-variable]
../src/spi_mine.c:226:16: warning: 'a' defined but not used [-Wunused-variable]
  static double a=5.3e-5, b=0.0483;
                ^
../src/spi_mine.c:226:26: warning: 'b' defined but not used [-Wunused-variable]
  static double a=5.3e-5, b=0.0483;
                          ^
Finished building: ../src/spi_mine.c
 
Building target: axi_to_wb.elf
Invoking: ARM v7 gcc linker
arm-none-eabi-gcc -mcpu=cortex-a9 -mfpu=vfpv3 -mfloat-abi=hard -Wl,-build-id=none -specs=Xilinx.spec -Wl,-T -Wl,../src/lscript.ld -L../../axi_to_wb_bsp/ps7_cortexa9_0/lib -o "axi_to_wb.elf"  ./src/axi_to_wb.o ./src/spi_ADC.o ./src/spi_general.o ./src/spi_mine.o   -Wl,--start-group,-lxil,-lgcc,-lc,--end-group
Finished building target: axi_to_wb.elf
 
Invoking: ARM v7 Print Size
arm-none-eabi-size axi_to_wb.elf  |tee "axi_to_wb.elf.size"
   text	   data	    bss	    dec	    hex	filename
  37140	   2228	2030288	2069656	 1f9498	axi_to_wb.elf
Finished building: axi_to_wb.elf.size
 
17:15:17 **** Incremental Build of configuration Debug for project axi_to_wb ****
make pre-build main-build 
a9-linaro-pre-build-step
 
make: Nothing to be done for 'main-build'.
17:15:41 **** Incremental Build of configuration Debug for project axi_to_wb ****
make pre-build main-build 
a9-linaro-pre-build-step
 
make: Nothing to be done for 'main-build'.
17:16:18 **** Auto Build of configuration Debug for project axi_to_wb ****
make pre-build main-build 
a9-linaro-pre-build-step
 
Building file: ../src/spi_mine.c
Invoking: ARM v7 gcc compiler
arm-none-eabi-gcc -Wall -O0 -g3 -I/home/milosz/Desktop/Xilinx/Vivado/projects/AXI_TO_WISHBONE_edit_slave/sf/axi_to_wb/include -c -fmessage-length=0 -MT"src/spi_mine.o" -mcpu=cortex-a9 -mfpu=vfpv3 -mfloat-abi=hard -I../../axi_to_wb_bsp/ps7_cortexa9_0/include -MMD -MP -MF"src/spi_mine.d" -MT"src/spi_mine.o" -o "src/spi_mine.o" "../src/spi_mine.c"
../src/spi_mine.c: In function 'led_on':
../src/spi_mine.c:40:6: warning: variable 'a' set but not used [-Wunused-but-set-variable]
  u32 a;
      ^
../src/spi_mine.c: In function 'manualFreqControl':
../src/spi_mine.c:101:5: warning: implicit declaration of function 'getchar' [-Wimplicit-function-declaration]
   c=getchar();
     ^~~~~~~
../src/spi_mine.c: In function 'frequencyAccumulator':
../src/spi_mine.c:226:26: warning: unused variable 'b' [-Wunused-variable]
  static double a=5.3e-5, b=0.0483;
                          ^
../src/spi_mine.c:226:16: warning: unused variable 'a' [-Wunused-variable]
  static double a=5.3e-5, b=0.0483;
                ^
../src/spi_mine.c:224:21: warning: unused variable 'err_pr' [-Wunused-variable]
  static double err, err_pr;
                     ^~~~~~
At top level:
../src/spi_mine.c:224:21: warning: 'err_pr' defined but not used [-Wunused-variable]
../src/spi_mine.c:226:16: warning: 'a' defined but not used [-Wunused-variable]
  static double a=5.3e-5, b=0.0483;
                ^
../src/spi_mine.c:226:26: warning: 'b' defined but not used [-Wunused-variable]
  static double a=5.3e-5, b=0.0483;
                          ^
Finished building: ../src/spi_mine.c
 
Building target: axi_to_wb.elf
Invoking: ARM v7 gcc linker
arm-none-eabi-gcc -mcpu=cortex-a9 -mfpu=vfpv3 -mfloat-abi=hard -Wl,-build-id=none -specs=Xilinx.spec -Wl,-T -Wl,../src/lscript.ld -L../../axi_to_wb_bsp/ps7_cortexa9_0/lib -o "axi_to_wb.elf"  ./src/axi_to_wb.o ./src/spi_ADC.o ./src/spi_general.o ./src/spi_mine.o   -Wl,--start-group,-lxil,-lgcc,-lc,--end-group
Finished building target: axi_to_wb.elf
 
Invoking: ARM v7 Print Size
arm-none-eabi-size axi_to_wb.elf  |tee "axi_to_wb.elf.size"
   text	   data	    bss	    dec	    hex	filename
  37052	   2228	2030288	2069568	 1f9440	axi_to_wb.elf
Finished building: axi_to_wb.elf.size
 
