17:46:34 **** Incremental Build of configuration Debug for project print_mine ****
make all 
make: Nothing to be done for 'all'.
17:47:20 **** Incremental Build of configuration Debug for project print_mine ****
make all 
make: Nothing to be done for 'all'.
17:47:33 **** Incremental Build of configuration Debug for project print_mine ****
make all 
make: Nothing to be done for 'all'.
17:47:56 **** Incremental Build of configuration Debug for project print_mine ****
make all 
make: Nothing to be done for 'all'.
18:57:03 **** Incremental Build of configuration Debug for project print_mine ****
make all 
make: Nothing to be done for 'all'.
18:57:09 **** Incremental Build of configuration Debug for project print_mine ****
make all 
make: Nothing to be done for 'all'.
12:16:32 **** Build of project device_tree_bsp_0 ****
make -k all 
make: Nothing to be done for 'all'.
12:16:32 **** Build of configuration Debug for project print_mine ****
make all 
make: Nothing to be done for 'all'.
12:25:34 **** Auto Build of configuration Debug for project print_mine ****
make all 
Building target: print_mine.elf
Invoking: ARM v7 Linux gcc linker
arm-linux-gnueabihf-gcc  -o "print_mine.elf"  ./src/helloworld.o   
Finished building target: print_mine.elf
 
Invoking: ARM v7 Linux Print Size
arm-linux-gnueabihf-size print_mine.elf  |tee "print_mine.elf.size"
   text	   data	    bss	    dec	    hex	filename
    908	    284	      4	   1196	    4ac	print_mine.elf
Finished building: print_mine.elf.size
 
12:25:50 **** Auto Build of configuration Debug for project print_mine ****
make all 
Building target: print_mine.elf
Invoking: ARM v7 Linux gcc linker
arm-linux-gnueabihf-gcc  -o "print_mine.elf"  ./src/helloworld.o   
Finished building target: print_mine.elf
 
Invoking: ARM v7 Linux Print Size
arm-linux-gnueabihf-size print_mine.elf  |tee "print_mine.elf.size"
   text	   data	    bss	    dec	    hex	filename
    908	    284	      4	   1196	    4ac	print_mine.elf
Finished building: print_mine.elf.size
 
12:25:55 **** Incremental Build of configuration Debug for project print_mine ****
make all 
make: Nothing to be done for 'all'.
12:26:15 **** Incremental Build of configuration Debug for project print_mine ****
make all 
make: Nothing to be done for 'all'.
12:26:24 **** Auto Build of configuration Debug for project print_mine ****
make all 
Building target: print_mine.elf
Invoking: ARM v7 Linux gcc linker
arm-linux-gnueabihf-gcc  -o "print_mine.elf"  ./src/helloworld.o   
Finished building target: print_mine.elf
 
Invoking: ARM v7 Linux Print Size
arm-linux-gnueabihf-size print_mine.elf  |tee "print_mine.elf.size"
   text	   data	    bss	    dec	    hex	filename
    908	    284	      4	   1196	    4ac	print_mine.elf
Finished building: print_mine.elf.size
 
12:26:35 **** Incremental Build of configuration Debug for project print_mine ****
make all 
make: Nothing to be done for 'all'.
12:26:43 **** Incremental Build of configuration Debug for project print_mine ****
make all 
make: Nothing to be done for 'all'.
12:26:59 **** Auto Build of configuration Debug for project print_mine ****
make all 
Building target: print_mine.elf
Invoking: ARM v7 Linux gcc linker
arm-linux-gnueabihf-gcc  -o "print_mine.elf"  ./src/helloworld.o   
Finished building target: print_mine.elf
 
Invoking: ARM v7 Linux Print Size
arm-linux-gnueabihf-size print_mine.elf  |tee "print_mine.elf.size"
   text	   data	    bss	    dec	    hex	filename
    908	    284	      4	   1196	    4ac	print_mine.elf
Finished building: print_mine.elf.size
 
12:27:04 **** Incremental Build of configuration Debug for project print_mine ****
make all 
make: Nothing to be done for 'all'.
12:27:12 **** Incremental Build of configuration Debug for project print_mine ****
make all 
make: Nothing to be done for 'all'.
12:27:40 **** Incremental Build of configuration Debug for project print_mine ****
make all 
make: Nothing to be done for 'all'.
12:27:44 **** Auto Build of configuration Debug for project print_mine ****
make all 
Building file: ../src/helloworld.c
Invoking: ARM v7 Linux gcc compiler
arm-linux-gnueabihf-gcc -Wall -O0 -g3 -c -fmessage-length=0 -MT"src/helloworld.o" -MMD -MP -MF"src/helloworld.d" -MT"src/helloworld.o" -o "src/helloworld.o" "../src/helloworld.c"
Finished building: ../src/helloworld.c
 
Building target: print_mine.elf
Invoking: ARM v7 Linux gcc linker
arm-linux-gnueabihf-gcc  -o "print_mine.elf"  ./src/helloworld.o   
Finished building target: print_mine.elf
 
Invoking: ARM v7 Linux Print Size
arm-linux-gnueabihf-size print_mine.elf  |tee "print_mine.elf.size"
   text	   data	    bss	    dec	    hex	filename
    908	    284	      4	   1196	    4ac	print_mine.elf
Finished building: print_mine.elf.size
 
12:27:48 **** Incremental Build of configuration Debug for project print_mine ****
make all 
make: Nothing to be done for 'all'.
12:27:59 **** Incremental Build of configuration Debug for project print_mine ****
make all 
Building target: print_mine.elf
Invoking: ARM v7 Linux gcc linker
arm-linux-gnueabihf-gcc  -o "print_mine.elf"  ./src/helloworld.o   
Finished building target: print_mine.elf
 
Invoking: ARM v7 Linux Print Size
arm-linux-gnueabihf-size print_mine.elf  |tee "print_mine.elf.size"
   text	   data	    bss	    dec	    hex	filename
    908	    284	      4	   1196	    4ac	print_mine.elf
Finished building: print_mine.elf.size
 
12:33:06 **** Auto Build of configuration Debug for project print_mine ****
make all 
Building target: print_mine.elf
Invoking: ARM v7 Linux gcc linker
arm-linux-gnueabihf-gcc  -o "print_mine.elf"  ./src/helloworld.o   
Finished building target: print_mine.elf
 
Invoking: ARM v7 Linux Print Size
arm-linux-gnueabihf-size print_mine.elf  |tee "print_mine.elf.size"
   text	   data	    bss	    dec	    hex	filename
    908	    284	      4	   1196	    4ac	print_mine.elf
Finished building: print_mine.elf.size
 
12:34:21 **** Auto Build of configuration Debug for project print_mine ****
make all 
Building target: print_mine.elf
Invoking: ARM v7 Linux gcc linker
arm-linux-gnueabihf-gcc  -o "print_mine.elf"  ./src/helloworld.o   
Finished building target: print_mine.elf
 
Invoking: ARM v7 Linux Print Size
arm-linux-gnueabihf-size print_mine.elf  |tee "print_mine.elf.size"
   text	   data	    bss	    dec	    hex	filename
    908	    284	      4	   1196	    4ac	print_mine.elf
Finished building: print_mine.elf.size
 
12:38:32 **** Auto Build of configuration Debug for project print_mine ****
make all 
Building target: print_mine.elf
Invoking: ARM v7 Linux gcc linker
arm-linux-gnueabihf-gcc  -o "print_mine.elf"  ./src/helloworld.o   
Finished building target: print_mine.elf
 
Invoking: ARM v7 Linux Print Size
arm-linux-gnueabihf-size print_mine.elf  |tee "print_mine.elf.size"
   text	   data	    bss	    dec	    hex	filename
    908	    284	      4	   1196	    4ac	print_mine.elf
Finished building: print_mine.elf.size
 
12:39:09 **** Auto Build of configuration Debug for project print_mine ****
make all 
Building target: print_mine.elf
Invoking: ARM v7 Linux gcc linker
arm-linux-gnueabihf-gcc  -o "print_mine.elf"  ./src/helloworld.o   
Finished building target: print_mine.elf
 
Invoking: ARM v7 Linux Print Size
arm-linux-gnueabihf-size print_mine.elf  |tee "print_mine.elf.size"
   text	   data	    bss	    dec	    hex	filename
    908	    284	      4	   1196	    4ac	print_mine.elf
Finished building: print_mine.elf.size
 
12:39:38 **** Auto Build of configuration Release for project print_mine ****
make all 
Building file: ../src/helloworld.c
Invoking: ARM v7 Linux gcc compiler
arm-linux-gnueabihf-gcc -Wall -O2 -c -fmessage-length=0 -MT"src/helloworld.o" -MMD -MP -MF"src/helloworld.d" -MT"src/helloworld.o" -o "src/helloworld.o" "../src/helloworld.c"
Finished building: ../src/helloworld.c
 
Building target: print_mine.elf
Invoking: ARM v7 Linux gcc linker
arm-linux-gnueabihf-gcc  -o "print_mine.elf"  ./src/helloworld.o   
Finished building target: print_mine.elf
 
Invoking: ARM v7 Linux Print Size
arm-linux-gnueabihf-size print_mine.elf  |tee "print_mine.elf.size"
   text	   data	    bss	    dec	    hex	filename
    900	    284	      4	   1188	    4a4	print_mine.elf
Finished building: print_mine.elf.size
 
14:39:38 **** Auto Build of configuration Release for project print_mine ****
make all 
Building file: ../src/helloworld.c
Invoking: ARM v7 Linux gcc compiler
arm-linux-gnueabihf-gcc -Wall -O2 -c -fmessage-length=0 -MT"src/helloworld.o" -MMD -MP -MF"src/helloworld.d" -MT"src/helloworld.o" -o "src/helloworld.o" "../src/helloworld.c"
Finished building: ../src/helloworld.c
 
Building target: print_mine.elf
Invoking: ARM v7 Linux gcc linker
arm-linux-gnueabihf-gcc  -o "print_mine.elf"  ./src/helloworld.o   
Finished building target: print_mine.elf
 
Invoking: ARM v7 Linux Print Size
arm-linux-gnueabihf-size print_mine.elf  |tee "print_mine.elf.size"
   text	   data	    bss	    dec	    hex	filename
    896	    284	      4	   1184	    4a0	print_mine.elf
Finished building: print_mine.elf.size
 
16:17:36 **** Auto Build of configuration Release for project print_mine ****
make all 
Building file: ../src/helloworld.c
Invoking: ARM v7 Linux gcc compiler
arm-linux-gnueabihf-gcc -Wall -O2 -c -fmessage-length=0 -MT"src/helloworld.o" -MMD -MP -MF"src/helloworld.d" -MT"src/helloworld.o" -o "src/helloworld.o" "../src/helloworld.c"
../src/helloworld.c: In function ‘main’:
../src/helloworld.c:27:23: error: expected ‘)’ before numeric constant
src/subdir.mk:18: recipe for target 'src/helloworld.o' failed
  write(dh, 0x43C00000 32 0x01);
                       ^~
../src/helloworld.c:27:12: warning: passing argument 2 of ‘write’ makes pointer from integer without a cast [-Wint-conversion]
  write(dh, 0x43C00000 32 0x01);
            ^~~~~~~~~~
In file included from ../src/helloworld.c:20:0:
/opt/Xilinx/SDK/2017.1/gnu/aarch32/lin/gcc-arm-linux-gnueabi/arm-linux-gnueabihf/libc/usr/include/unistd.h:369:16: note: expected ‘const void *’ but argument is of type ‘int’
 extern ssize_t write (int __fd, const void *__buf, size_t __n) __wur;
                ^~~~~
../src/helloworld.c:27:2: error: too few arguments to function ‘write’
  write(dh, 0x43C00000 32 0x01);
  ^~~~~
In file included from ../src/helloworld.c:20:0:
/opt/Xilinx/SDK/2017.1/gnu/aarch32/lin/gcc-arm-linux-gnueabi/arm-linux-gnueabihf/libc/usr/include/unistd.h:369:16: note: declared here
 extern ssize_t write (int __fd, const void *__buf, size_t __n) __wur;
                ^~~~~
make: *** [src/helloworld.o] Error 1
16:18:21 **** Auto Build of configuration Release for project print_mine ****
make all 
Building file: ../src/helloworld.c
Invoking: ARM v7 Linux gcc compiler
arm-linux-gnueabihf-gcc -Wall -O2 -c -fmessage-length=0 -MT"src/helloworld.o" -MMD -MP -MF"src/helloworld.d" -MT"src/helloworld.o" -o "src/helloworld.o" "../src/helloworld.c"
../src/helloworld.c: In function ‘main’:
../src/helloworld.c:27:12: warning: character constant too long for its type
  write(dh, '0x43C00000 32 0x01');
src/subdir.mk:18: recipe for target 'src/helloworld.o' failed
            ^~~~~~~~~~~~~~~~~~~~
../src/helloworld.c:27:12: warning: passing argument 2 of ‘write’ makes pointer from integer without a cast [-Wint-conversion]
In file included from ../src/helloworld.c:20:0:
/opt/Xilinx/SDK/2017.1/gnu/aarch32/lin/gcc-arm-linux-gnueabi/arm-linux-gnueabihf/libc/usr/include/unistd.h:369:16: note: expected ‘const void *’ but argument is of type ‘int’
 extern ssize_t write (int __fd, const void *__buf, size_t __n) __wur;
                ^~~~~
../src/helloworld.c:27:2: error: too few arguments to function ‘write’
  write(dh, '0x43C00000 32 0x01');
  ^~~~~
In file included from ../src/helloworld.c:20:0:
/opt/Xilinx/SDK/2017.1/gnu/aarch32/lin/gcc-arm-linux-gnueabi/arm-linux-gnueabihf/libc/usr/include/unistd.h:369:16: note: declared here
 extern ssize_t write (int __fd, const void *__buf, size_t __n) __wur;
                ^~~~~
make: *** [src/helloworld.o] Error 1
16:18:40 **** Auto Build of configuration Release for project print_mine ****
make all 
Building file: ../src/helloworld.c
Invoking: ARM v7 Linux gcc compiler
arm-linux-gnueabihf-gcc -Wall -O2 -c -fmessage-length=0 -MT"src/helloworld.o" -MMD -MP -MF"src/helloworld.d" -MT"src/helloworld.o" -o "src/helloworld.o" "../src/helloworld.c"
../src/helloworld.c: In function ‘main’:
../src/helloworld.c:27:2: error: too few arguments to function ‘write’
  write(dh, "0x43C00000 32 0x01");
  ^~~~~
In file included from ../src/helloworld.c:20:0:
/opt/Xilinx/SDK/2017.1/gnu/aarch32/lin/gcc-arm-linux-gnueabi/arm-linux-gnueabihf/libc/usr/include/unistd.h:369:16: note: declared here
 extern ssize_t write (int __fd, const void *__buf, size_t __n) __wur;
                ^~~~~
make: *** [src/helloworld.o] Error 1
src/subdir.mk:18: recipe for target 'src/helloworld.o' failed
16:19:19 **** Auto Build of configuration Release for project print_mine ****
make all 
Building file: ../src/helloworld.c
Invoking: ARM v7 Linux gcc compiler
arm-linux-gnueabihf-gcc -Wall -O2 -c -fmessage-length=0 -MT"src/helloworld.o" -MMD -MP -MF"src/helloworld.d" -MT"src/helloworld.o" -o "src/helloworld.o" "../src/helloworld.c"
../src/helloworld.c: In function ‘main’:
../src/helloworld.c:27:34: error: expected identifier before numeric constant
  write(dh, "0x43C00000 32 0x01". 0x01);
                                  ^~~~
src/subdir.mk:18: recipe for target 'src/helloworld.o' failed
../src/helloworld.c:27:2: error: too few arguments to function ‘write’
  write(dh, "0x43C00000 32 0x01". 0x01);
  ^~~~~
In file included from ../src/helloworld.c:20:0:
/opt/Xilinx/SDK/2017.1/gnu/aarch32/lin/gcc-arm-linux-gnueabi/arm-linux-gnueabihf/libc/usr/include/unistd.h:369:16: note: declared here
 extern ssize_t write (int __fd, const void *__buf, size_t __n) __wur;
                ^~~~~
make: *** [src/helloworld.o] Error 1
16:19:30 **** Auto Build of configuration Release for project print_mine ****
make all 
Building file: ../src/helloworld.c
Invoking: ARM v7 Linux gcc compiler
arm-linux-gnueabihf-gcc -Wall -O2 -c -fmessage-length=0 -MT"src/helloworld.o" -MMD -MP -MF"src/helloworld.d" -MT"src/helloworld.o" -o "src/helloworld.o" "../src/helloworld.c"
Finished building: ../src/helloworld.c
 
Building target: print_mine.elf
Invoking: ARM v7 Linux gcc linker
arm-linux-gnueabihf-gcc  -o "print_mine.elf"  ./src/helloworld.o   
Finished building target: print_mine.elf
 
Invoking: ARM v7 Linux Print Size
arm-linux-gnueabihf-size print_mine.elf  |tee "print_mine.elf.size"
   text	   data	    bss	    dec	    hex	filename
   1075	    292	      4	   1371	    55b	print_mine.elf
Finished building: print_mine.elf.size
 
16:22:06 **** Auto Build of configuration Release for project print_mine ****
make all 
Building file: ../src/helloworld.c
Invoking: ARM v7 Linux gcc compiler
arm-linux-gnueabihf-gcc -Wall -O2 -c -fmessage-length=0 -MT"src/helloworld.o" -MMD -MP -MF"src/helloworld.d" -MT"src/helloworld.o" -o "src/helloworld.o" "../src/helloworld.c"
../src/helloworld.c: In function ‘main’:
../src/helloworld.c:29:4: warning: implicit declaration of function ‘error’ [-Wimplicit-function-declaration]
    error("sysconf() error");
    ^~~~~
../src/helloworld.c:35:2: error: ‘virtual_address’ undeclared (first use in this function)
  virtual_address = mmap(NULL, 2*pageSize, PROT_WRITE | PROT_READ, MAP_SHARED, dh, 0x43C00000); // Memory map AXI Lite register block
  ^~~~~~~~~~~~~~~
../src/helloworld.c:35:2: note: each undeclared identifier is reported only once for each function it appears in
../src/helloworld.c:35:20: warning: implicit declaration of function ‘mmap’ [-Wimplicit-function-declaration]
  virtual_address = mmap(NULL, 2*pageSize, PROT_WRITE | PROT_READ, MAP_SHARED, dh, 0x43C00000); // Memory map AXI Lite register block
                    ^~~~
../src/helloworld.c:35:43: error: ‘PROT_WRITE’ undeclared (first use in this function)
  virtual_address = mmap(NULL, 2*pageSize, PROT_WRITE | PROT_READ, MAP_SHARED, dh, 0x43C00000); // Memory map AXI Lite register block
src/subdir.mk:18: recipe for target 'src/helloworld.o' failed
                                           ^~~~~~~~~~
../src/helloworld.c:35:56: error: ‘PROT_READ’ undeclared (first use in this function)
  virtual_address = mmap(NULL, 2*pageSize, PROT_WRITE | PROT_READ, MAP_SHARED, dh, 0x43C00000); // Memory map AXI Lite register block
                                                        ^~~~~~~~~
../src/helloworld.c:35:67: error: ‘MAP_SHARED’ undeclared (first use in this function)
  virtual_address = mmap(NULL, 2*pageSize, PROT_WRITE | PROT_READ, MAP_SHARED, dh, 0x43C00000); // Memory map AXI Lite register block
                                                                   ^~~~~~~~~~
../src/helloworld.c:36:26: error: ‘MAP_FAILED’ undeclared (first use in this function)
  if ( virtual_address == MAP_FAILED )
                          ^~~~~~~~~~
make: *** [src/helloworld.o] Error 1
16:22:51 **** Auto Build of configuration Release for project print_mine ****
make all 
Building file: ../src/helloworld.c
Invoking: ARM v7 Linux gcc compiler
arm-linux-gnueabihf-gcc -Wall -O2 -c -fmessage-length=0 -MT"src/helloworld.o" -MMD -MP -MF"src/helloworld.d" -MT"src/helloworld.o" -o "src/helloworld.o" "../src/helloworld.c"
../src/helloworld.c: In function ‘main’:
../src/helloworld.c:32:4: warning: implicit declaration of function ‘error’ [-Wimplicit-function-declaration]
    error("sysconf() error");
    ^~~~~
../src/helloworld.c:38:20: warning: implicit declaration of function ‘mmap’ [-Wimplicit-function-declaration]
  virtual_address = mmap(NULL, 2*pageSize, PROT_WRITE | PROT_READ, MAP_SHARED, dh, 0x43C00000); // Memory map AXI Lite register block
                    ^~~~
../src/helloworld.c:38:43: error: ‘PROT_WRITE’ undeclared (first use in this function)
  virtual_address = mmap(NULL, 2*pageSize, PROT_WRITE | PROT_READ, MAP_SHARED, dh, 0x43C00000); // Memory map AXI Lite register block
                                           ^~~~~~~~~~
../src/helloworld.c:38:43: note: each undeclared identifier is reported only once for each function it appears in
../src/helloworld.c:38:56: error: ‘PROT_READ’ undeclared (first use in this function)
  virtual_address = mmap(NULL, 2*pageSize, PROT_WRITE | PROT_READ, MAP_SHARED, dh, 0x43C00000); // Memory map AXI Lite register block
                                                        ^~~~~~~~~
../src/helloworld.c:38:67: error: ‘MAP_SHARED’ undeclared (first use in this function)
  virtual_address = mmap(NULL, 2*pageSize, PROT_WRITE | PROT_READ, MAP_SHARED, dh, 0x43C00000); // Memory map AXI Lite register block
                                                                   ^~~~~~~~~~
../src/helloworld.c:39:26: error: ‘MAP_FAILED’ undeclared (first use in this function)
  if ( virtual_address == MAP_FAILED )
                          ^~~~~~~~~~
make: *** [src/helloworld.o] Error 1
src/subdir.mk:18: recipe for target 'src/helloworld.o' failed
16:23:34 **** Auto Build of configuration Release for project print_mine ****
make all 
Building file: ../src/helloworld.c
Invoking: ARM v7 Linux gcc compiler
arm-linux-gnueabihf-gcc -Wall -O2 -c -fmessage-length=0 -MT"src/helloworld.o" -MMD -MP -MF"src/helloworld.d" -MT"src/helloworld.o" -o "src/helloworld.o" "../src/helloworld.c"
../src/helloworld.c: In function ‘main’:
../src/helloworld.c:32:4: warning: implicit declaration of function ‘error’ [-Wimplicit-function-declaration]
    error("sysconf() error");
    ^~~~~
Finished building: ../src/helloworld.c
 
Building target: print_mine.elf
Invoking: ARM v7 Linux gcc linker
arm-linux-gnueabihf-gcc  -o "print_mine.elf"  ./src/helloworld.o   
Finished building target: print_mine.elf
 
Invoking: ARM v7 Linux Print Size
arm-linux-gnueabihf-size print_mine.elf  |tee "print_mine.elf.size"
   text	   data	    bss	    dec	    hex	filename
   1264	    300	      8	   1572	    624	print_mine.elf
Finished building: print_mine.elf.size
 
16:24:30 **** Auto Build of configuration Release for project print_mine ****
make all 
Building file: ../src/helloworld.c
Invoking: ARM v7 Linux gcc compiler
arm-linux-gnueabihf-gcc -Wall -O2 -c -fmessage-length=0 -MT"src/helloworld.o" -MMD -MP -MF"src/helloworld.d" -MT"src/helloworld.o" -o "src/helloworld.o" "../src/helloworld.c"
../src/helloworld.c: In function ‘main’:
../src/helloworld.c:32:4: warning: implicit declaration of function ‘error’ [-Wimplicit-function-declaration]
    error("sysconf() error");
    ^~~~~
Finished building: ../src/helloworld.c
 
Building target: print_mine.elf
Invoking: ARM v7 Linux gcc linker
arm-linux-gnueabihf-gcc  -o "print_mine.elf"  ./src/helloworld.o   
Finished building target: print_mine.elf
 
Invoking: ARM v7 Linux Print Size
arm-linux-gnueabihf-size print_mine.elf  |tee "print_mine.elf.size"
   text	   data	    bss	    dec	    hex	filename
   1280	    300	      8	   1588	    634	print_mine.elf
Finished building: print_mine.elf.size
 
16:25:22 **** Auto Build of configuration Release for project print_mine ****
make all 
Building file: ../src/helloworld.c
Invoking: ARM v7 Linux gcc compiler
arm-linux-gnueabihf-gcc -Wall -O2 -c -fmessage-length=0 -MT"src/helloworld.o" -MMD -MP -MF"src/helloworld.d" -MT"src/helloworld.o" -o "src/helloworld.o" "../src/helloworld.c"
../src/helloworld.c: In function ‘main’:
../src/helloworld.c:29:4: warning: implicit declaration of function ‘error’ [-Wimplicit-function-declaration]
    error("sysconf() error");
    ^~~~~
../src/helloworld.c:35:2: error: ‘virtual_address’ undeclared (first use in this function)
  virtual_address = mmap(NULL, 2*pageSize, PROT_WRITE | PROT_READ, MAP_SHARED, dh, 0x43C00000); // Memory map AXI Lite register block
  ^~~~~~~~~~~~~~~
../src/helloworld.c:35:2: note: each undeclared identifier is reported only once for each function it appears in
../src/helloworld.c:35:20: warning: implicit declaration of function ‘mmap’ [-Wimplicit-function-declaration]
  virtual_address = mmap(NULL, 2*pageSize, PROT_WRITE | PROT_READ, MAP_SHARED, dh, 0x43C00000); // Memory map AXI Lite register block
                    ^~~~
../src/helloworld.c:35:43: error: ‘PROT_WRITE’ undeclared (first use in this function)
  virtual_address = mmap(NULL, 2*pageSize, PROT_WRITE | PROT_READ, MAP_SHARED, dh, 0x43C00000); // Memory map AXI Lite register block
                                           ^~~~~~~~~~
../src/helloworld.c:35:56: error: ‘PROT_READ’ undeclared (first use in this function)
src/subdir.mk:18: recipe for target 'src/helloworld.o' failed
  virtual_address = mmap(NULL, 2*pageSize, PROT_WRITE | PROT_READ, MAP_SHARED, dh, 0x43C00000); // Memory map AXI Lite register block
                                                        ^~~~~~~~~
../src/helloworld.c:35:67: error: ‘MAP_SHARED’ undeclared (first use in this function)
  virtual_address = mmap(NULL, 2*pageSize, PROT_WRITE | PROT_READ, MAP_SHARED, dh, 0x43C00000); // Memory map AXI Lite register block
                                                                   ^~~~~~~~~~
../src/helloworld.c:36:26: error: ‘MAP_FAILED’ undeclared (first use in this function)
  if ( virtual_address == MAP_FAILED )
                          ^~~~~~~~~~
make: *** [src/helloworld.o] Error 1
16:25:37 **** Auto Build of configuration Release for project print_mine ****
make all 
Building file: ../src/helloworld.c
Invoking: ARM v7 Linux gcc compiler
arm-linux-gnueabihf-gcc -Wall -O2 -c -fmessage-length=0 -MT"src/helloworld.o" -MMD -MP -MF"src/helloworld.d" -MT"src/helloworld.o" -o "src/helloworld.o" "../src/helloworld.c"
../src/helloworld.c: In function ‘main’:
../src/helloworld.c:30:4: warning: implicit declaration of function ‘error’ [-Wimplicit-function-declaration]
    error("sysconf() error");
    ^~~~~
../src/helloworld.c:36:2: error: ‘virtual_address’ undeclared (first use in this function)
  virtual_address = mmap(NULL, 2*pageSize, PROT_WRITE | PROT_READ, MAP_SHARED, dh, 0x43C00000); // Memory map AXI Lite register block
  ^~~~~~~~~~~~~~~
../src/helloworld.c:36:2: note: each undeclared identifier is reported only once for each function it appears in
src/subdir.mk:18: recipe for target 'src/helloworld.o' failed
make: *** [src/helloworld.o] Error 1
16:25:46 **** Auto Build of configuration Release for project print_mine ****
make all 
Building file: ../src/helloworld.c
Invoking: ARM v7 Linux gcc compiler
arm-linux-gnueabihf-gcc -Wall -O2 -c -fmessage-length=0 -MT"src/helloworld.o" -MMD -MP -MF"src/helloworld.d" -MT"src/helloworld.o" -o "src/helloworld.o" "../src/helloworld.c"
../src/helloworld.c: In function ‘main’:
../src/helloworld.c:33:4: warning: implicit declaration of function ‘error’ [-Wimplicit-function-declaration]
    error("sysconf() error");
    ^~~~~
../src/helloworld.c:39:2: error: ‘virtual_address’ undeclared (first use in this function)
  virtual_address = mmap(NULL, 2*pageSize, PROT_WRITE | PROT_READ, MAP_SHARED, dh, 0x43C00000); // Memory map AXI Lite register block
  ^~~~~~~~~~~~~~~
../src/helloworld.c:39:2: note: each undeclared identifier is reported only once for each function it appears in
src/subdir.mk:18: recipe for target 'src/helloworld.o' failed
make: *** [src/helloworld.o] Error 1
16:26:18 **** Auto Build of configuration Release for project print_mine ****
make all 
Building file: ../src/helloworld.c
Invoking: ARM v7 Linux gcc compiler
arm-linux-gnueabihf-gcc -Wall -O2 -c -fmessage-length=0 -MT"src/helloworld.o" -MMD -MP -MF"src/helloworld.d" -MT"src/helloworld.o" -o "src/helloworld.o" "../src/helloworld.c"
../src/helloworld.c: In function ‘main’:
../src/helloworld.c:32:4: warning: implicit declaration of function ‘error’ [-Wimplicit-function-declaration]
    error("sysconf() error");
    ^~~~~
Finished building: ../src/helloworld.c
 
Building target: print_mine.elf
Invoking: ARM v7 Linux gcc linker
arm-linux-gnueabihf-gcc  -o "print_mine.elf"  ./src/helloworld.o   
Finished building target: print_mine.elf
 
Invoking: ARM v7 Linux Print Size
arm-linux-gnueabihf-size print_mine.elf  |tee "print_mine.elf.size"
   text	   data	    bss	    dec	    hex	filename
   1280	    300	      8	   1588	    634	print_mine.elf
Finished building: print_mine.elf.size
 
16:28:51 **** Auto Build of configuration Release for project print_mine ****
make all 
Building file: ../src/helloworld.c
Invoking: ARM v7 Linux gcc compiler
arm-linux-gnueabihf-gcc -Wall -O2 -c -fmessage-length=0 -MT"src/helloworld.o" -MMD -MP -MF"src/helloworld.d" -MT"src/helloworld.o" -o "src/helloworld.o" "../src/helloworld.c"
../src/helloworld.c: In function ‘main’:
../src/helloworld.c:32:4: warning: implicit declaration of function ‘error’ [-Wimplicit-function-declaration]
    error("sysconf() error");
    ^~~~~
Finished building: ../src/helloworld.c
 
Building target: print_mine.elf
Invoking: ARM v7 Linux gcc linker
arm-linux-gnueabihf-gcc  -o "print_mine.elf"  ./src/helloworld.o   
Finished building target: print_mine.elf
 
Invoking: ARM v7 Linux Print Size
arm-linux-gnueabihf-size print_mine.elf  |tee "print_mine.elf.size"
   text	   data	    bss	    dec	    hex	filename
   1280	    300	      8	   1588	    634	print_mine.elf
Finished building: print_mine.elf.size
 
16:29:11 **** Auto Build of configuration Release for project print_mine ****
make all 
Building file: ../src/helloworld.c
Invoking: ARM v7 Linux gcc compiler
arm-linux-gnueabihf-gcc -Wall -O2 -c -fmessage-length=0 -MT"src/helloworld.o" -MMD -MP -MF"src/helloworld.d" -MT"src/helloworld.o" -o "src/helloworld.o" "../src/helloworld.c"
../src/helloworld.c: In function ‘main’:
../src/helloworld.c:32:4: warning: implicit declaration of function ‘error’ [-Wimplicit-function-declaration]
    error("sysconf() error");
    ^~~~~
Finished building: ../src/helloworld.c
 
Building target: print_mine.elf
Invoking: ARM v7 Linux gcc linker
arm-linux-gnueabihf-gcc  -o "print_mine.elf"  ./src/helloworld.o   
Finished building target: print_mine.elf
 
Invoking: ARM v7 Linux Print Size
arm-linux-gnueabihf-size print_mine.elf  |tee "print_mine.elf.size"
   text	   data	    bss	    dec	    hex	filename
   1280	    300	      8	   1588	    634	print_mine.elf
Finished building: print_mine.elf.size
 
16:31:07 **** Auto Build of configuration Release for project print_mine ****
make all 
Building file: ../src/helloworld.c
Invoking: ARM v7 Linux gcc compiler
arm-linux-gnueabihf-gcc -Wall -O2 -c -fmessage-length=0 -MT"src/helloworld.o" -MMD -MP -MF"src/helloworld.d" -MT"src/helloworld.o" -o "src/helloworld.o" "../src/helloworld.c"
../src/helloworld.c: In function ‘main’:
../src/helloworld.c:32:4: warning: implicit declaration of function ‘error’ [-Wimplicit-function-declaration]
    error("sysconf() error");
    ^~~~~
Finished building: ../src/helloworld.c
 
Building target: print_mine.elf
Invoking: ARM v7 Linux gcc linker
arm-linux-gnueabihf-gcc  -o "print_mine.elf"  ./src/helloworld.o   
Finished building target: print_mine.elf
 
Invoking: ARM v7 Linux Print Size
arm-linux-gnueabihf-size print_mine.elf  |tee "print_mine.elf.size"
   text	   data	    bss	    dec	    hex	filename
   1280	    300	      8	   1588	    634	print_mine.elf
Finished building: print_mine.elf.size
 
16:31:46 **** Auto Build of configuration Release for project print_mine ****
make all 
Building file: ../src/helloworld.c
Invoking: ARM v7 Linux gcc compiler
arm-linux-gnueabihf-gcc -Wall -O2 -c -fmessage-length=0 -MT"src/helloworld.o" -MMD -MP -MF"src/helloworld.d" -MT"src/helloworld.o" -o "src/helloworld.o" "../src/helloworld.c"
../src/helloworld.c: In function ‘main’:
../src/helloworld.c:32:4: warning: implicit declaration of function ‘error’ [-Wimplicit-function-declaration]
    error("sysconf() error");
    ^~~~~
../src/helloworld.c:43:27: error: ‘uint8_t’ undeclared (first use in this function)
     virtual_address[0] = (uint8_t)0x00000001;
                           ^~~~~~~
../src/helloworld.c:43:27: note: each undeclared identifier is reported only once for each function it appears in
../src/helloworld.c:43:35: error: expected ‘;’ before numeric constant
     virtual_address[0] = (uint8_t)0x00000001;
                                   ^~~~~~~~~~
make: *** [src/helloworld.o] Error 1
src/subdir.mk:18: recipe for target 'src/helloworld.o' failed
16:32:40 **** Auto Build of configuration Release for project print_mine ****
make all 
Building file: ../src/helloworld.c
Invoking: ARM v7 Linux gcc compiler
arm-linux-gnueabihf-gcc -Wall -O2 -c -fmessage-length=0 -MT"src/helloworld.o" -MMD -MP -MF"src/helloworld.d" -MT"src/helloworld.o" -o "src/helloworld.o" "../src/helloworld.c"
../src/helloworld.c: In function ‘main’:
../src/helloworld.c:33:4: warning: implicit declaration of function ‘error’ [-Wimplicit-function-declaration]
    error("sysconf() error");
    ^~~~~
Finished building: ../src/helloworld.c
 
Building target: print_mine.elf
Invoking: ARM v7 Linux gcc linker
arm-linux-gnueabihf-gcc  -o "print_mine.elf"  ./src/helloworld.o   
Finished building target: print_mine.elf
 
Invoking: ARM v7 Linux Print Size
arm-linux-gnueabihf-size print_mine.elf  |tee "print_mine.elf.size"
   text	   data	    bss	    dec	    hex	filename
   1280	    300	      8	   1588	    634	print_mine.elf
Finished building: print_mine.elf.size
 
16:32:54 **** Auto Build of configuration Release for project print_mine ****
make all 
Building file: ../src/helloworld.c
Invoking: ARM v7 Linux gcc compiler
arm-linux-gnueabihf-gcc -Wall -O2 -c -fmessage-length=0 -MT"src/helloworld.o" -MMD -MP -MF"src/helloworld.d" -MT"src/helloworld.o" -o "src/helloworld.o" "../src/helloworld.c"
../src/helloworld.c: In function ‘main’:
../src/helloworld.c:33:4: warning: implicit declaration of function ‘error’ [-Wimplicit-function-declaration]
    error("sysconf() error");
    ^~~~~
Finished building: ../src/helloworld.c
 
Building target: print_mine.elf
Invoking: ARM v7 Linux gcc linker
arm-linux-gnueabihf-gcc  -o "print_mine.elf"  ./src/helloworld.o   
Finished building target: print_mine.elf
 
Invoking: ARM v7 Linux Print Size
arm-linux-gnueabihf-size print_mine.elf  |tee "print_mine.elf.size"
   text	   data	    bss	    dec	    hex	filename
   1280	    300	      8	   1588	    634	print_mine.elf
Finished building: print_mine.elf.size
 
17:30:49 **** Auto Build of project device_tree_bsp_0 ****
make -k all 
make: Nothing to be done for 'all'.
17:30:59 **** Incremental Build of configuration Release for project print_mine ****
make all 
make: Nothing to be done for 'all'.
17:31:24 **** Auto Build of configuration Release for project print_mine ****
make all 
Building target: print_mine.elf
Invoking: ARM v7 Linux gcc linker
arm-linux-gnueabihf-gcc  -o "print_mine.elf"  ./src/helloworld.o   
Finished building target: print_mine.elf
 
Invoking: ARM v7 Linux Print Size
arm-linux-gnueabihf-size print_mine.elf  |tee "print_mine.elf.size"
   text	   data	    bss	    dec	    hex	filename
   1280	    300	      8	   1588	    634	print_mine.elf
Finished building: print_mine.elf.size
 
17:31:28 **** Incremental Build of configuration Release for project print_mine ****
make all 
make: Nothing to be done for 'all'.
17:33:15 **** Auto Build of configuration Release for project print_mine ****
make all 
Building file: ../src/helloworld.c
Invoking: ARM v7 Linux gcc compiler
arm-linux-gnueabihf-gcc -Wall -O2 -c -fmessage-length=0 -MT"src/helloworld.o" -MMD -MP -MF"src/helloworld.d" -MT"src/helloworld.o" -o "src/helloworld.o" "../src/helloworld.c"
../src/helloworld.c: In function ‘main’:
../src/helloworld.c:33:4: warning: implicit declaration of function ‘error’ [-Wimplicit-function-declaration]
    error("sysconf() error");
    ^~~~~
Finished building: ../src/helloworld.c
 
Building target: print_mine.elf
Invoking: ARM v7 Linux gcc linker
arm-linux-gnueabihf-gcc  -o "print_mine.elf"  ./src/helloworld.o   
Finished building target: print_mine.elf
 
Invoking: ARM v7 Linux Print Size
arm-linux-gnueabihf-size print_mine.elf  |tee "print_mine.elf.size"
   text	   data	    bss	    dec	    hex	filename
   1280	    300	      8	   1588	    634	print_mine.elf
Finished building: print_mine.elf.size
 
15:25:06 **** Auto Build of project device_tree_bsp_0 ****
make -k all 
make: Nothing to be done for 'all'.
15:25:06 **** Auto Build of configuration Release for project print_mine ****
make all 
Building file: ../src/helloworld.c
Invoking: ARM v7 Linux gcc compiler
arm-linux-gnueabihf-gcc -Wall -O2 -c -fmessage-length=0 -MT"src/helloworld.o" -MMD -MP -MF"src/helloworld.d" -MT"src/helloworld.o" -o "src/helloworld.o" "../src/helloworld.c"
../src/helloworld.c: In function ‘main’:
../src/helloworld.c:33:4: warning: implicit declaration of function ‘error’ [-Wimplicit-function-declaration]
    error("sysconf() error");
    ^~~~~
Finished building: ../src/helloworld.c
 
Building target: print_mine.elf
Invoking: ARM v7 Linux gcc linker
arm-linux-gnueabihf-gcc  -o "print_mine.elf"  ./src/helloworld.o   
Finished building target: print_mine.elf
 
Invoking: ARM v7 Linux Print Size
arm-linux-gnueabihf-size print_mine.elf  |tee "print_mine.elf.size"
   text	   data	    bss	    dec	    hex	filename
   1280	    300	      8	   1588	    634	print_mine.elf
Finished building: print_mine.elf.size
 
